Component: ARM Compiler 5.06 update 7 (build 960) Tool: armlink [4d3601]

==============================================================================

Section Cross References

    system_stm32f10x.o(i.SetSysClock) refers to system_stm32f10x.o(i.SetSysClockTo72) for SetSysClockTo72
    system_stm32f10x.o(i.SystemCoreClockUpdate) refers to system_stm32f10x.o(.data) for SystemCoreClock
    system_stm32f10x.o(i.SystemInit) refers to system_stm32f10x.o(i.SetSysClock) for SetSysClock
    main.o(i.AutoControl) refers to stm32f10x_gpio.o(i.GPIO_ResetBits) for GPIO_ResetBits
    main.o(i.AutoControl) refers to stm32f10x_gpio.o(i.GPIO_SetBits) for GPIO_SetBits
    main.o(i.AutoControl) refers to usart3.o(i.USART3_SendString) for USART3_SendString
    main.o(i.AutoControl) refers to delay.o(i.delay_ms) for delay_ms
    main.o(i.AutoControl) refers to stepmotor.o(i.MOTOR_Direction_Angle) for MOTOR_Direction_Angle
    main.o(i.AutoControl) refers to main.o(.bss) for sensorData
    main.o(i.AutoControl) refers to main.o(.data) for driveData
    main.o(i.AutoControl) refers to myrtc.o(.data) for MyRTC_Time
    main.o(i.Control_Manager) refers to led.o(i.LED_On) for LED_On
    main.o(i.Control_Manager) refers to printf3.o(i.__0printf$3) for __2printf
    main.o(i.Control_Manager) refers to led.o(i.LED_Off) for LED_Off
    main.o(i.Control_Manager) refers to main.o(.data) for driveData
    main.o(i.ManualControl) refers to printf3.o(i.__0printf$3) for __2printf
    main.o(i.ManualControl) refers to usart3.o(i.USART3_SendString) for USART3_SendString
    main.o(i.ManualControl) refers to delay.o(i.delay_ms) for delay_ms
    main.o(i.ManualControl) refers to stepmotor.o(i.MOTOR_Direction_Angle) for MOTOR_Direction_Angle
    main.o(i.ManualControl) refers to key.o(.data) for KeyNum
    main.o(i.ManualControl) refers to main.o(.data) for driveData
    main.o(i.ManualSettingsDisplay1) refers to oled.o(i.OLED_ShowChinese) for OLED_ShowChinese
    main.o(i.ManualSettingsDisplay1) refers to main.o(.data) for driveData
    main.o(i.OLED_autoPage1) refers to oled.o(i.OLED_ShowChinese) for OLED_ShowChinese
    main.o(i.OLED_autoPage1) refers to oled.o(i.OLED_ShowChar) for OLED_ShowChar
    main.o(i.OLED_autoPage1) refers to oled.o(i.OLED_Refresh) for OLED_Refresh
    main.o(i.OLED_autoPage2) refers to oled.o(i.OLED_ShowChinese) for OLED_ShowChinese
    main.o(i.OLED_autoPage2) refers to oled.o(i.OLED_ShowChar) for OLED_ShowChar
    main.o(i.OLED_autoPage2) refers to oled.o(i.OLED_Refresh) for OLED_Refresh
    main.o(i.OLED_manualOption) refers to oled.o(i.OLED_ShowChar) for OLED_ShowChar
    main.o(i.OLED_manualPage1) refers to oled.o(i.OLED_ShowChinese) for OLED_ShowChinese
    main.o(i.OLED_manualPage1) refers to oled.o(i.OLED_ShowChar) for OLED_ShowChar
    main.o(i.OLED_settingsOption) refers to oled.o(i.OLED_ShowChar) for OLED_ShowChar
    main.o(i.OLED_settingsOption) refers to oled.o(i.OLED_Refresh) for OLED_Refresh
    main.o(i.OLED_settingsOption) refers to main.o(.data) for prev_num
    main.o(i.OLED_settingsPage1) refers to oled.o(i.OLED_ShowChinese) for OLED_ShowChinese
    main.o(i.OLED_settingsPage1) refers to oled.o(i.OLED_ShowChar) for OLED_ShowChar
    main.o(i.OLED_settingsPage2) refers to oled.o(i.OLED_ShowChinese) for OLED_ShowChinese
    main.o(i.OLED_settingsPage2) refers to oled.o(i.OLED_ShowChar) for OLED_ShowChar
    main.o(i.OLED_settingsPage3) refers to oled.o(i.OLED_ShowChinese) for OLED_ShowChinese
    main.o(i.OLED_settingsPage3) refers to oled.o(i.OLED_ShowChar) for OLED_ShowChar
    main.o(i.SensorDataDisplay1) refers to modules.o(i.SensorScan) for SensorScan
    main.o(i.SensorDataDisplay1) refers to printf3.o(i.__0sprintf$3) for __2sprintf
    main.o(i.SensorDataDisplay1) refers to usart2.o(i.USART2_SendString) for USART2_SendString
    main.o(i.SensorDataDisplay1) refers to delay.o(i.delay_ms) for delay_ms
    main.o(i.SensorDataDisplay1) refers to myrtc.o(i.MyRTC_ReadTime) for MyRTC_ReadTime
    main.o(i.SensorDataDisplay1) refers to oled.o(i.OLED_ShowNum) for OLED_ShowNum
    main.o(i.SensorDataDisplay1) refers to oled.o(i.OLED_ShowChar) for OLED_ShowChar
    main.o(i.SensorDataDisplay1) refers to oled.o(i.OLED_ShowChinese) for OLED_ShowChinese
    main.o(i.SensorDataDisplay1) refers to main.o(.bss) for sensorData
    main.o(i.SensorDataDisplay1) refers to main.o(.conststring) for .conststring
    main.o(i.SensorDataDisplay1) refers to myrtc.o(.data) for MyRTC_Time
    main.o(i.SensorDataDisplay2) refers to oled.o(i.OLED_ShowNum) for OLED_ShowNum
    main.o(i.SensorDataDisplay2) refers to oled.o(i.OLED_ShowChar) for OLED_ShowChar
    main.o(i.SensorDataDisplay2) refers to oled.o(i.OLED_Refresh) for OLED_Refresh
    main.o(i.SensorDataDisplay2) refers to main.o(.data) for OPEN_HOUR
    main.o(i.SetAuto) refers to oled.o(i.OLED_Clear) for OLED_Clear
    main.o(i.SetAuto) refers to key.o(.data) for KeyNum
[...]
    i.ADC_Cmd                                0x08000ba4   Section        0  stm32f10x_adc.o(i.ADC_Cmd)
    i.ADC_DMACmd                             0x08000bba   Section        0  stm32f10x_adc.o(i.ADC_DMACmd)
    i.ADC_GetCalibrationStatus               0x08000bd0   Section        0  stm32f10x_adc.o(i.ADC_GetCalibrationStatus)
    i.ADC_GetResetCalibrationStatus          0x08000be4   Section        0  stm32f10x_adc.o(i.ADC_GetResetCalibrationStatus)
    i.ADC_Init                               0x08000bf8   Section        0  stm32f10x_adc.o(i.ADC_Init)
    i.ADC_RegularChannelConfig               0x08000c48   Section        0  stm32f10x_adc.o(i.ADC_RegularChannelConfig)
    i.ADC_ResetCalibration                   0x08000d00   Section        0  stm32f10x_adc.o(i.ADC_ResetCalibration)
    i.ADC_SoftwareStartConvCmd               0x08000d0a   Section        0  stm32f10x_adc.o(i.ADC_SoftwareStartConvCmd)
    i.ADC_StartCalibration                   0x08000d20   Section        0  stm32f10x_adc.o(i.ADC_StartCalibration)
    i.AutoControl                            0x08000d2c   Section        0  main.o(i.AutoControl)
    i.BEEP_Init                              0x08000e2c   Section        0  beep.o(i.BEEP_Init)
    i.BKP_ReadBackupRegister                 0x08000e64   Section        0  stm32f10x_bkp.o(i.BKP_ReadBackupRegister)
    i.BKP_WriteBackupRegister                0x08000e80   Section        0  stm32f10x_bkp.o(i.BKP_WriteBackupRegister)
    i.BusFault_Handler                       0x08000e9c   Section        0  stm32f10x_it.o(i.BusFault_Handler)
    i.Control_Manager                        0x08000ea0   Section        0  main.o(i.Control_Manager)
    i.DHT11_Check                            0x08000f28   Section        0  dht11.o(i.DHT11_Check)
    i.DHT11_Init                             0x08000f84   Section        0  dht11.o(i.DHT11_Init)
    i.DHT11_Mode                             0x08000fc4   Section        0  dht11.o(i.DHT11_Mode)
    i.DHT11_Read_Bit                         0x08000ffc   Section        0  dht11.o(i.DHT11_Read_Bit)
    i.DHT11_Read_Byte                        0x08001058   Section        0  dht11.o(i.DHT11_Read_Byte)
    i.DHT11_Read_Data                        0x08001076   Section        0  dht11.o(i.DHT11_Read_Data)
    i.DHT11_Rst                              0x080010d0   Section        0  dht11.o(i.DHT11_Rst)
    i.DMA_Cmd                                0x08001100   Section        0  stm32f10x_dma.o(i.DMA_Cmd)
    i.DMA_Init                               0x08001118   Section        0  stm32f10x_dma.o(i.DMA_Init)
    i.DebugMon_Handler                       0x08001154   Section        0  stm32f10x_it.o(i.DebugMon_Handler)
    i.FLASH_ClearFlag                        0x08001158   Section        0  stm32f10x_flash.o(i.FLASH_ClearFlag)
    i.FLASH_ErasePage                        0x08001164   Section        0  stm32f10x_flash.o(i.FLASH_ErasePage)
    i.FLASH_GetBank1Status                   0x080011b0   Section        0  stm32f10x_flash.o(i.FLASH_GetBank1Status)
    i.FLASH_Lock                             0x080011e4   Section        0  stm32f10x_flash.o(i.FLASH_Lock)
    i.FLASH_ProgramHalfWord                  0x080011f8   Section        0  stm32f10x_flash.o(i.FLASH_ProgramHalfWord)
    i.FLASH_R                                0x08001238   Section        0  flash.o(i.FLASH_R)
    i.FLASH_Unlock                           0x08001240   Section        0  stm32f10x_flash.o(i.FLASH_Unlock)
    i.FLASH_W                                0x08001258   Section        0  flash.o(i.FLASH_W)
    i.FLASH_WaitForLastOperation             0x080012e6   Section        0  stm32f10x_flash.o(i.FLASH_WaitForLastOperation)
    i.GPIO_Init                              0x0800130c   Section        0  stm32f10x_gpio.o(i.GPIO_Init)
    i.GPIO_ReadInputDataBit                  0x08001422   Section        0  stm32f10x_gpio.o(i.GPIO_ReadInputDataBit)
    i.GPIO_ResetBits                         0x08001434   Section        0  stm32f10x_gpio.o(i.GPIO_ResetBits)
    i.GPIO_SetBits                           0x08001438   Section        0  stm32f10x_gpio.o(i.GPIO_SetBits)
    i.GPIO_WriteBit                          0x0800143c   Section        0  stm32f10x_gpio.o(i.GPIO_WriteBit)
    i.Get_Average_LDR_LUX                    0x08001446   Section        0  adcx.o(i.Get_Average_LDR_LUX)
    i.Get_LDR_LUX                            0x08001470   Section        0  adcx.o(i.Get_LDR_LUX)
    Get_LDR_LUX                              0x08001471   Thumb Code   106  adcx.o(i.Get_LDR_LUX)
    i.HardFault_Handler                      0x080014f4   Section        0  stm32f10x_it.o(i.HardFault_Handler)
    i.IIC_delay                              0x080014f8   Section        0  oled.o(i.IIC_delay)
    i.Key_Init                               0x08001508   Section        0  key.o(i.Key_Init)
    i.Key_scan                               0x08001534   Section        0  key.o(i.Key_scan)
    i.LDR_LuxData                            0x080017dc   Section        0  adcx.o(i.LDR_LuxData)
    i.LED_Init                               0x08001870   Section        0  led.o(i.LED_Init)
    i.LED_Off                                0x080018a4   Section        0  led.o(i.LED_Off)
    i.LED_On                                 0x080018b8   Section        0  led.o(i.LED_On)
    i.MOTOR_Direction                        0x080018cc   Section        0  stepmotor.o(i.MOTOR_Direction)
    i.MOTOR_Direction_Angle                  0x08001982   Section        0  stepmotor.o(i.MOTOR_Direction_Angle)
    i.MOTOR_Init                             0x080019b0   Section        0  stepmotor.o(i.MOTOR_Init)
    i.MOTOR_Rhythm_4_1_4                     0x08001a04   Section        0  stepmotor.o(i.MOTOR_Rhythm_4_1_4)
    i.MOTOR_Rhythm_4_1_8                     0x08001ad4   Section        0  stepmotor.o(i.MOTOR_Rhythm_4_1_8)
    i.MOTOR_Rhythm_4_2_4                     0x08001c50   Section        0  stepmotor.o(i.MOTOR_Rhythm_4_2_4)
    i.MQ7_GetData                            0x08001d20   Section        0  adcx.o(i.MQ7_GetData)
    i.ManualControl                          0x08001d3c   Section        0  main.o(i.ManualControl)
    i.ManualSettingsDisplay1                 0x08001ec0   Section        0  main.o(i.ManualSettingsDisplay1)
    i.MemManage_Handler                      0x08001f18   Section        0  stm32f10x_it.o(i.MemManage_Handler)
    i.MyRTC_Init                             0x08001f1c   Section        0  myrtc.o(i.MyRTC_Init)
    i.MyRTC_ReadTime                         0x08002050   Section        0  myrtc.o(i.MyRTC_ReadTime)
    i.MyRTC_SetTime                          0x08002098   Section        0  myrtc.o(i.MyRTC_SetTime)
    i.NMI_Handler                            0x080020e4   Section        0  stm32f10x_it.o(i.NMI_Handler)
    i.NVIC_Init                              0x080020e8   Section        0  misc.o(i.NVIC_Init)
    i.OLED_Clear                             0x08002158   Section        0  oled.o(i.OLED_Clear)
    i.OLED_DrawPoint                         0x08002188   Section        0  oled.o(i.OLED_DrawPoint)
    i.OLED_I2C_Start                         0x08002200   Section        0  oled.o(i.OLED_I2C_Start)
    i.OLED_I2C_Stop                          0x08002234   Section        0  oled.o(i.OLED_I2C_Stop)
    i.OLED_I2C_WaitAck                       0x08002258   Section        0  oled.o(i.OLED_I2C_WaitAck)
    i.OLED_Init                              0x08002284   Section        0  oled.o(i.OLED_Init)
    i.OLED_Pow                               0x080023a8   Section        0  oled.o(i.OLED_Pow)
    i.OLED_Refresh                           0x080023c0   Section        0  oled.o(i.OLED_Refresh)
    i.OLED_Send_Byte                         0x08002428   Section        0  oled.o(i.OLED_Send_Byte)
    i.OLED_ShowChar                          0x08002474   Section        0  oled.o(i.OLED_ShowChar)
    i.OLED_ShowChinese                       0x080025b4   Section        0  oled.o(i.OLED_ShowChinese)
    i.OLED_ShowNum                           0x080026b8   Section        0  oled.o(i.OLED_ShowNum)
    i.OLED_WR_Byte                           0x0800274c   Section        0  oled.o(i.OLED_WR_Byte)
    i.OLED_autoPage1                         0x08002784   Section        0  main.o(i.OLED_autoPage1)
    i.OLED_autoPage2                         0x080028bc   Section        0  main.o(i.OLED_autoPage2)
    i.OLED_manualOption                      0x08002964   Section        0  main.o(i.OLED_manualOption)
    i.OLED_manualPage1                       0x080029fc   Section        0  main.o(i.OLED_manualPage1)
    i.OLED_settingsOption                    0x08002a60   Section        0  main.o(i.OLED_settingsOption)
    i.OLED_settingsPage1                     0x08002c9c   Section        0  main.o(i.OLED_settingsPage1)
    i.OLED_settingsPage2                     0x08002e10   Section        0  main.o(i.OLED_settingsPage2)
    i.OLED_settingsPage3                     0x08002e94   Section        0  main.o(i.OLED_settingsPage3)
    i.PWR_BackupAccessCmd                    0x08002ee8   Section        0  stm32f10x_pwr.o(i.PWR_BackupAccessCmd)
    i.PendSV_Handler                         0x08002ef4   Section        0  stm32f10x_it.o(i.PendSV_Handler)
    i.RCC_ADCCLKConfig                       0x08002ef8   Section        0  stm32f10x_rcc.o(i.RCC_ADCCLKConfig)
    i.RCC_AHBPeriphClockCmd                  0x08002f10   Section        0  stm32f10x_rcc.o(i.RCC_AHBPeriphClockCmd)
    i.RCC_APB1PeriphClockCmd                 0x08002f30   Section        0  stm32f10x_rcc.o(i.RCC_APB1PeriphClockCmd)
    i.RCC_APB1PeriphResetCmd                 0x08002f50   Section        0  stm32f10x_rcc.o(i.RCC_APB1PeriphResetCmd)
    i.RCC_APB2PeriphClockCmd                 0x08002f70   Section        0  stm32f10x_rcc.o(i.RCC_APB2PeriphClockCmd)
    i.RCC_APB2PeriphResetCmd                 0x08002f90   Section        0  stm32f10x_rcc.o(i.RCC_APB2PeriphResetCmd)
    i.RCC_GetClocksFreq                      0x08002fb0   Section        0  stm32f10x_rcc.o(i.RCC_GetClocksFreq)
    i.RCC_GetFlagStatus                      0x08003084   Section        0  stm32f10x_rcc.o(i.RCC_GetFlagStatus)
    i.RCC_LSICmd                             0x080030c0   Section        0  stm32f10x_rcc.o(i.RCC_LSICmd)
    i.RCC_RTCCLKCmd                          0x080030cc   Section        0  stm32f10x_rcc.o(i.RCC_RTCCLKCmd)
    i.RCC_RTCCLKConfig                       0x080030d8   Section        0  stm32f10x_rcc.o(i.RCC_RTCCLKConfig)
    i.RTC_EnterConfigMode                    0x080030e8   Section        0  stm32f10x_rtc.o(i.RTC_EnterConfigMode)
    i.RTC_ExitConfigMode                     0x080030fc   Section        0  stm32f10x_rtc.o(i.RTC_ExitConfigMode)
    i.RTC_GetCounter                         0x08003110   Section        0  stm32f10x_rtc.o(i.RTC_GetCounter)
    i.RTC_SetCounter                         0x08003124   Section        0  stm32f10x_rtc.o(i.RTC_SetCounter)
    i.RTC_SetPrescaler                       0x08003140   Section        0  stm32f10x_rtc.o(i.RTC_SetPrescaler)
    i.RTC_WaitForLastTask                    0x08003160   Section        0  stm32f10x_rtc.o(i.RTC_WaitForLastTask)
    i.RTC_WaitForSynchro                     0x08003174   Section        0  stm32f10x_rtc.o(i.RTC_WaitForSynchro)
    i.SVC_Handler                            0x08003198   Section        0  stm32f10x_it.o(i.SVC_Handler)
    i.SensorDataDisplay1                     0x0800319c   Section        0  main.o(i.SensorDataDisplay1)
    i.SensorDataDisplay2                     0x080032d8   Section        0  main.o(i.SensorDataDisplay2)
    i.SensorScan                             0x08003364   Section        0  modules.o(i.SensorScan)
    i.SetAuto                                0x0800338c   Section        0  main.o(i.SetAuto)
    i.SetManual                              0x080033c4   Section        0  main.o(i.SetManual)
    i.SetSelection                           0x0800340c   Section        0  main.o(i.SetSelection)
    i.SetSysClock                            0x08003474   Section        0  system_stm32f10x.o(i.SetSysClock)
    SetSysClock                              0x08003475   Thumb Code     8  system_stm32f10x.o(i.SetSysClock)
    i.SetSysClockTo72                        0x0800347c   Section        0  system_stm32f10x.o(i.SetSysClockTo72)
    SetSysClockTo72                          0x0800347d   Thumb Code   214  system_stm32f10x.o(i.SetSysClockTo72)
    i.SettingsThresholdDisplay1              0x0800355c   Section        0  main.o(i.SettingsThresholdDisplay1)
    i.SettingsThresholdDisplay2              0x080035a4   Section        0  main.o(i.SettingsThresholdDisplay2)
    i.SettingsThresholdDisplay3              0x08003630   Section        0  main.o(i.SettingsThresholdDisplay3)
    i.SysTick_CLKSourceConfig                0x0800369c   Section        0  misc.o(i.SysTick_CLKSourceConfig)
    i.SysTick_Handler                        0x080036c4   Section        0  stm32f10x_it.o(i.SysTick_Handler)
    i.SystemInit                             0x080036c8   Section        0  system_stm32f10x.o(i.SystemInit)
    i.TIM2_IRQHandler                        0x08003728   Section        0  tim2.o(i.TIM2_IRQHandler)
    i.TIM2_Init                              0x08003742   Section        0  tim2.o(i.TIM2_Init)
    i.TIM_ClearITPendingBit                  0x080037a0   Section        0  stm32f10x_tim.o(i.TIM_ClearITPendingBit)
    i.TIM_Cmd                                0x080037a6   Section        0  stm32f10x_tim.o(i.TIM_Cmd)
    i.TIM_GetITStatus                        0x080037be   Section        0  stm32f10x_tim.o(i.TIM_GetITStatus)
    i.TIM_ITConfig                           0x080037e0   Section        0  stm32f10x_tim.o(i.TIM_ITConfig)
    i.TIM_TimeBaseInit                       0x080037f4   Section        0  stm32f10x_tim.o(i.TIM_TimeBaseInit)
    i.ThresholdSettings                      0x08003898   Section        0  main.o(i.ThresholdSettings)
    i.USART1_Config                          0x080039a0   Section        0  usart.o(i.USART1_Config)
    i.USART2_ClearReceivedFlag               0x08003a1c   Section        0  usart2.o(i.USART2_ClearReceivedFlag)
    i.USART2_GetReceivedFlag                 0x08003a30   Section        0  usart2.o(i.USART2_GetReceivedFlag)
    i.USART2_GetRxBuffer                     0x08003a3c   Section        0  usart2.o(i.USART2_GetRxBuffer)
    i.USART2_IRQHandler                      0x08003a44   Section        0  usart2.o(i.USART2_IRQHandler)
    i.USART2_Init                            0x08003aa4   Section        0  usart2.o(i.USART2_Init)
    i.USART2_ProcessCmd                      0x08003b48   Section        0  main.o(i.USART2_ProcessCmd)
    i.USART2_SendByte                        0x08003c2c   Section        0  usart2.o(i.USART2_SendByte)
    i.USART2_SendString                      0x08003c5c   Section        0  usart2.o(i.USART2_SendString)
    i.USART3_Config                          0x08003c74   Section        0  usart3.o(i.USART3_Config)
    i.USART3_IRQHandler                      0x08003d2c   Section        0  usart3.o(i.USART3_IRQHandler)
    i.USART3_SendByte                        0x08003d64   Section        0  usart3.o(i.USART3_SendByte)
    i.USART3_SendString                      0x08003d94   Section        0  usart3.o(i.USART3_SendString)
    i.USART_ClearITPendingBit                0x08003db6   Section        0  stm32f10x_usart.o(i.USART_ClearITPendingBit)
    i.USART_Cmd                              0x08003dd4   Section        0  stm32f10x_usart.o(i.USART_Cmd)
    i.USART_DeInit                           0x08003dec   Section        0  stm32f10x_usart.o(i.USART_DeInit)
    i.USART_GetFlagStatus                    0x08003e88   Section        0  stm32f10x_usart.o(i.USART_GetFlagStatus)
    i.USART_GetITStatus                      0x08003ea2   Section        0  stm32f10x_usart.o(i.USART_GetITStatus)
    i.USART_ITConfig                         0x08003ef6   Section        0  stm32f10x_usart.o(i.USART_ITConfig)
    i.USART_Init                             0x08003f40   Section        0  stm32f10x_usart.o(i.USART_Init)
    i.USART_ReceiveData                      0x08004018   Section        0  stm32f10x_usart.o(i.USART_ReceiveData)
    i.USART_SendData                         0x08004022   Section        0  stm32f10x_usart.o(i.USART_SendData)
    i.UsageFault_Handler                     0x0800402a   Section        0  stm32f10x_it.o(i.UsageFault_Handler)
    i.__0printf$3                            0x08004030   Section        0  printf3.o(i.__0printf$3)
    i.__0sprintf$3                           0x08004050   Section        0  printf3.o(i.__0sprintf$3)
    i.__ARM_fpclassify                       0x08004078   Section        0  fpclassify.o(i.__ARM_fpclassify)
    i.__kernel_poly                          0x080040a0   Section        0  poly.o(i.__kernel_poly)
    i.__mathlib_dbl_divzero                  0x0800414c   Section        0  dunder.o(i.__mathlib_dbl_divzero)
    i.__mathlib_dbl_infnan2                  0x0800415c   Section        0  dunder.o(i.__mathlib_dbl_infnan2)
    i.__mathlib_dbl_invalid                  0x08004160   Section        0  dunder.o(i.__mathlib_dbl_invalid)
    i.__mathlib_dbl_overflow                 0x0800416c   Section        0  dunder.o(i.__mathlib_dbl_overflow)
    i.__mathlib_dbl_underflow                0x0800417c   Section        0  dunder.o(i.__mathlib_dbl_underflow)
    i.__scatterload_copy                     0x0800418c   Section       14  handlers.o(i.__scatterload_copy)
    i.__scatterload_null                     0x0800419a   Section        2  handlers.o(i.__scatterload_null)
    i.__scatterload_zeroinit                 0x0800419c   Section       14  handlers.o(i.__scatterload_zeroinit)
    i.__set_errno                            0x080041ac   Section        0  errno.o(i.__set_errno)
    i._printf_core                           0x080041b8   Section        0  printf3.o(i._printf_core)
    _printf_core                             0x080041b9   Thumb Code   436  printf3.o(i._printf_core)
    i._sputc                                 0x08004370   Section        0  printf3.o(i._sputc)
    _sputc                                   0x08004371   Thumb Code    10  printf3.o(i._sputc)
    i.delay_init                             0x0800437c   Section        0  delay.o(i.delay_init)
    i.delay_ms                               0x080043b8   Section        0  delay.o(i.delay_ms)
    i.delay_us                               0x080043f4   Section        0  delay.o(i.delay_us)
    i.fputc                                  0x08004430   Section        0  usart.o(i.fputc)
    i.main                                   0x08004454   Section        0  main.o(i.main)
    i.pow                                    0x08004c94   Section        0  pow.o(i.pow)
    i.sqrt                                   0x0800566c   Section        0  sqrt.o(i.sqrt)
    .constdata                               0x080056b8   Section     9296  oled.o(.constdata)
    .constdata                               0x08007b08   Section      136  pow.o(.constdata)
    bp                                       0x08007b08   Data          16  pow.o(.constdata)
    dp_h                                     0x08007b18   Data          16  pow.o(.constdata)
    dp_l                                     0x08007b28   Data          16  pow.o(.constdata)
    L                                        0x08007b38   Data          48  pow.o(.constdata)
    P                                        0x08007b68   Data          40  pow.o(.constdata)
    .constdata                               0x08007b90   Section       12  mktime.o(.constdata)
    monlen                                   0x08007b90   Data          12  mktime.o(.constdata)
    .constdata                               0x08007ba0   Section        8  qnan.o(.constdata)
    .constdata                               0x08007ba8   Section       12  localtime_i.o(.constdata)
    monlen                                   0x08007ba8   Data          12  localtime_i.o(.constdata)
    .conststring                             0x08007bb4   Section       68  main.o(.conststring)
    .data                                    0x20000000   Section       43  main.o(.data)
    count_a                                  0x20000024   Data           1  main.o(.data)
    count_m                                  0x20000025   Data           1  main.o(.data)
    count_s                                  0x20000026   Data           1  main.o(.data)
    prev_num                                 0x20000028   Data           1  main.o(.data)
    first_enter_case5                        0x20000029   Data           1  main.o(.data)
    first_enter_case6                        0x2000002a   Data           1  main.o(.data)
    .data                                    0x2000002c   Section       29  key.o(.data)
    .data                                    0x2000004a   Section        4  delay.o(.data)
    fac_us                                   0x2000004a   Data           1  delay.o(.data)
    fac_ms                                   0x2000004c   Data           2  delay.o(.data)
    .data                                    0x2000004e   Section        6  adcx.o(.data)
    AD_Value                                 0x2000004e   Data           6  adcx.o(.data)
    .data                                    0x20000054   Section        3  usart2.o(.data)
    USART2_RxIndex                           0x20000054   Data           2  usart2.o(.data)
    USART2_RxFlag                            0x20000056   Data           1  usart2.o(.data)
    .data                                    0x20000058   Section       12  myrtc.o(.data)
    .data                                    0x20000064   Section       20  stm32f10x_rcc.o(.data)
    APBAHBPrescTable                         0x20000064   Data          16  stm32f10x_rcc.o(.data)
    ADCPrescTable                            0x20000074   Data           4  stm32f10x_rcc.o(.data)
    .data                                    0x20000078   Section        4  stdout.o(.data)
    .data                                    0x2000007c   Section        4  errno.o(.data)
    _errno                                   0x2000007c   Data           4  errno.o(.data)
    .bss                                     0x20000080   Section       28  main.o(.bss)
    .bss                                     0x2000009c   Section     1152  oled.o(.bss)
    .bss                                     0x2000051c   Section      128  usart2.o(.bss)
    USART2_RxBuffer                          0x2000051c   Data         128  usart2.o(.bss)
    .bss                                     0x2000059c   Section       44  localtime_w.o(.bss)
    _tms                                     0x2000059c   Data          44  localtime_w.o(.bss)
    STACK                                    0x200005c8   Section      512  startup_stm32f10x_md.o(STACK)

    Global Symbols

    Symbol Name                              Value     Ov Type        Size  Object(Section)

    BuildAttributes$$THM_ISAv4$P$D$K$B$S$PE$A:L22UL41UL21$X:L11$S22US41US21$IEEE1$IW$USESV6$~STKCKD$USESV7$~SHL$OTIME$ROPI$IEEEX$EBA8$MICROLIB$REQ8$PRES8$EABIv2 0x00000000   Number         0  anon$$obj.o ABSOLUTE
    __ARM_use_no_argv                        0x00000000   Number         0  main.o ABSOLUTE
    _printf_a                                0x00000000   Number         0  stubs.o ABSOLUTE
    _printf_c                                0x00000000   Number         0  stubs.o ABSOLUTE
    _printf_charcount                        0x00000000   Number         0  stubs.o ABSOLUTE
    _printf_d                                0x00000000   Number         0  stubs.o ABSOLUTE
    _printf_e                                0x00000000   Number         0  stubs.o ABSOLUTE
    _printf_f                                0x00000000   Number         0  stubs.o ABSOLUTE
    _printf_flags                            0x00000000   Number         0  stubs.o ABSOLUTE
    _printf_fp_dec                           0x00000000   Number         0  stubs.o ABSOLUTE
    _printf_fp_hex                           0x00000000   Number         0  stubs.o ABSOLUTE
    _printf_g                                0x00000000   Number         0  stubs.o ABSOLUTE
    _printf_i                                0x00000000   Number         0  stubs.o ABSOLUTE
    _printf_int_dec                          0x00000000   Number         0  stubs.o ABSOLUTE
    _printf_l                                0x00000000   Number         0  stubs.o ABSOLUTE
    _printf_lc                               0x00000000   Number         0  stubs.o ABSOLUTE
    _printf_ll                               0x00000000   Number         0  stubs.o ABSOLUTE
    _printf_lld                              0x00000000   Number         0  stubs.o ABSOLUTE
    _printf_lli                              0x00000000   Number         0  stubs.o ABSOLUTE
    _printf_llo                              0x00000000   Number         0  stubs.o ABSOLUTE
    _printf_llu                              0x00000000   Number         0  stubs.o ABSOLUTE
    _printf_llx                              0x00000000   Number         0  stubs.o ABSOLUTE
    _printf_longlong_dec                     0x00000000   Number         0  stubs.o ABSOLUTE
    _printf_longlong_hex                     0x00000000   Number         0  stubs.o ABSOLUTE
    _printf_longlong_oct                     0x00000000   Number         0  stubs.o ABSOLUTE
    _printf_ls                               0x00000000   Number         0  stubs.o ABSOLUTE
    _printf_mbtowc                           0x00000000   Number         0  stubs.o ABSOLUTE
    _printf_n                                0x00000000   Number         0  stubs.o ABSOLUTE
    _printf_o                                0x00000000   Number         0  stubs.o ABSOLUTE
    _printf_p                                0x00000000   Number         0  stubs.o ABSOLUTE
    _printf_percent                          0x00000000   Number         0  stubs.o ABSOLUTE
    _printf_pre_padding                      0x00000000   Number         0  stubs.o ABSOLUTE
    _printf_return_value                     0x00000000   Number         0  stubs.o ABSOLUTE
    _printf_s                                0x00000000   Number         0  stubs.o ABSOLUTE
    _printf_sizespec                         0x00000000   Number         0  stubs.o ABSOLUTE
    _printf_str                              0x00000000   Number         0  stubs.o ABSOLUTE
    _printf_truncate_signed                  0x00000000   Number         0  stubs.o ABSOLUTE
    _printf_truncate_unsigned                0x00000000   Number         0  stubs.o ABSOLUTE
    _printf_u                                0x00000000   Number         0  stubs.o ABSOLUTE
    _printf_wc                               0x00000000   Number         0  stubs.o ABSOLUTE
    _printf_wctomb                           0x00000000   Number         0  stubs.o ABSOLUTE
    _printf_widthprec                        0x00000000   Number         0  stubs.o ABSOLUTE
    _printf_x                                0x00000000   Number         0  stubs.o ABSOLUTE
    __arm_fini_                               - Undefined Weak Reference
    __cpp_initialize__aeabi_                  - Undefined Weak Reference
    __cxa_finalize                            - Undefined Weak Reference
    __decompress                              - Undefined Weak Reference
    _clock_init                               - Undefined Weak Reference
    _microlib_exit                            - Undefined Weak Reference
    __Vectors_Size                           0x000000ec   Number         0  startup_stm32f10x_md.o ABSOLUTE
    __Vectors                                0x08000000   Data           4  startup_stm32f10x_md.o(RESET)
    __Vectors_End                            0x080000ec   Data           0  startup_stm32f10x_md.o(RESET)
    __main                                   0x080000ed   Thumb Code     0  entry.o(.ARM.Collect$$$$00000000)
    _main_stk                                0x080000ed   Thumb Code     0  entry2.o(.ARM.Collect$$$$00000001)
    _main_scatterload                        0x080000f1   Thumb Code     0  entry5.o(.ARM.Collect$$$$00000004)
    __main_after_scatterload                 0x080000f5   Thumb Code     0  entry5.o(.ARM.Collect$$$$00000004)
    _main_clock                              0x080000f5   Thumb Code     0  entry7b.o(.ARM.Collect$$$$00000008)
    _main_cpp_init                           0x080000f5   Thumb Code     0  entry8b.o(.ARM.Collect$$$$0000000A)
    _main_init                               0x080000f5   Thumb Code     0  entry9a.o(.ARM.Collect$$$$0000000B)
    __rt_lib_shutdown_fini                   0x080000fd   Thumb Code     0  entry12b.o(.ARM.Collect$$$$0000000E)
    __rt_final_cpp                           0x08000101   Thumb Code     0  entry10a.o(.ARM.Collect$$$$0000000F)
    __rt_final_exit                          0x08000101   Thumb Code     0  entry11a.o(.ARM.Collect$$$$00000011)
    Reset_Handler                            0x08000105   Thumb Code     4  startup_stm32f10x_md.o(.text)
    ADC1_2_IRQHandler                        0x0800011b   Thumb Code     0  startup_stm32f10x_md.o(.text)
    CAN1_RX1_IRQHandler                      0x0800011b   Thumb Code     0  startup_stm32f10x_md.o(.text)
    CAN1_SCE_IRQHandler                      0x0800011b   Thumb Code     0  startup_stm32f10x_md.o(.text)
    DMA1_Channel1_IRQHandler                 0x0800011b   Thumb Code     0  startup_stm32f10x_md.o(.text)
    DMA1_Channel2_IRQHandler                 0x0800011b   Thumb Code     0  startup_stm32f10x_md.o(.text)
    DMA1_Channel3_IRQHandler                 0x0800011b   Thumb Code     0  startup_stm32f10x_md.o(.text)
    DMA1_Channel4_IRQHandler                 0x0800011b   Thumb Code     0  startup_stm32f10x_md.o(.text)
    DMA1_Channel5_IRQHandler                 0x0800011b   Thumb Code     0  startup_stm32f10x_md.o(.text)
    DMA1_Channel6_IRQHandler                 0x0800011b   Thumb Code     0  startup_stm32f10x_md.o(.text)
    DMA1_Channel7_IRQHandler                 0x0800011b   Thumb Code     0  startup_stm32f10x_md.o(.text)
    EXTI0_IRQHandler                         0x0800011b   Thumb Code     0  startup_stm32f10x_md.o(.text)
    EXTI15_10_IRQHandler                     0x0800011b   Thumb Code     0  startup_stm32f10x_md.o(.text)
    EXTI1_IRQHandler                         0x0800011b   Thumb Code     0  startup_stm32f10x_md.o(.text)
    EXTI2_IRQHandler                         0x0800011b   Thumb Code     0  startup_stm32f10x_md.o(.text)
    EXTI3_IRQHandler                         0x0800011b   Thumb Code     0  startup_stm32f10x_md.o(.text)
    EXTI4_IRQHandler                         0x0800011b   Thumb Code     0  startup_stm32f10x_md.o(.text)
    EXTI9_5_IRQHandler                       0x0800011b   Thumb Code     0  startup_stm32f10x_md.o(.text)
    FLASH_IRQHandler                         0x0800011b   Thumb Code     0  startup_stm32f10x_md.o(.text)
    I2C1_ER_IRQHandler                       0x0800011b   Thumb Code     0  startup_stm32f10x_md.o(.text)
    I2C1_EV_IRQHandler                       0x0800011b   Thumb Code     0  startup_stm32f10x_md.o(.text)
    I2C2_ER_IRQHandler                       0x0800011b   Thumb Code     0  startup_stm32f10x_md.o(.text)
    I2C2_EV_IRQHandler                       0x0800011b   Thumb Code     0  startup_stm32f10x_md.o(.text)
    PVD_IRQHandler                           0x0800011b   Thumb Code     0  startup_stm32f10x_md.o(.text)
    RCC_IRQHandler                           0x0800011b   Thumb Code     0  startup_stm32f10x_md.o(.text)
    RTCAlarm_IRQHandler                      0x0800011b   Thumb Code     0  startup_stm32f10x_md.o(.text)
    RTC_IRQHandler                           0x0800011b   Thumb Code     0  startup_stm32f10x_md.o(.text)
    SPI1_IRQHandler                          0x0800011b   Thumb Code     0  startup_stm32f10x_md.o(.text)
    SPI2_IRQHandler                          0x0800011b   Thumb Code     0  startup_stm32f10x_md.o(.text)
    TAMPER_IRQHandler                        0x0800011b   Thumb Code     0  startup_stm32f10x_md.o(.text)
    TIM1_BRK_IRQHandler                      0x0800011b   Thumb Code     0  startup_stm32f10x_md.o(.text)
    TIM1_CC_IRQHandler                       0x0800011b   Thumb Code     0  startup_stm32f10x_md.o(.text)
    TIM1_TRG_COM_IRQHandler                  0x0800011b   Thumb Code     0  startup_stm32f10x_md.o(.text)
    TIM1_UP_IRQHandler                       0x0800011b   Thumb Code     0  startup_stm32f10x_md.o(.text)
    TIM3_IRQHandler                          0x0800011b   Thumb Code     0  startup_stm32f10x_md.o(.text)
    TIM4_IRQHandler                          0x0800011b   Thumb Code     0  startup_stm32f10x_md.o(.text)
    USART1_IRQHandler                        0x0800011b   Thumb Code     0  startup_stm32f10x_md.o(.text)
    USBWakeUp_IRQHandler                     0x0800011b   Thumb Code     0  startup_stm32f10x_md.o(.text)
    USB_HP_CAN1_TX_IRQHandler                0x0800011b   Thumb Code     0  startup_stm32f10x_md.o(.text)
    USB_LP_CAN1_RX0_IRQHandler               0x0800011b   Thumb Code     0  startup_stm32f10x_md.o(.text)
    WWDG_IRQHandler                          0x0800011b   Thumb Code     0  startup_stm32f10x_md.o(.text)
    mktime                                   0x08000121   Thumb Code   150  mktime.o(.text)
    __aeabi_memcpy                           0x080001c9   Thumb Code    36  memcpya.o(.text)
    __aeabi_memcpy4                          0x080001c9   Thumb Code     0  memcpya.o(.text)
    __aeabi_memcpy8                          0x080001c9   Thumb Code     0  memcpya.o(.text)
    __aeabi_fadd                             0x080001ed   Thumb Code   164  fadd.o(.text)
    __aeabi_fsub                             0x08000291   Thumb Code     6  fadd.o(.text)
    __aeabi_frsub                            0x08000297   Thumb Code     6  fadd.o(.text)
    __aeabi_fmul                             0x0800029d   Thumb Code   100  fmul.o(.text)
    __aeabi_fdiv                             0x08000301   Thumb Code   124  fdiv.o(.text)
    __aeabi_dmul                             0x0800037d   Thumb Code   228  dmul.o(.text)
    __aeabi_ui2f                             0x08000461   Thumb Code    10  ffltui.o(.text)
    __aeabi_d2uiz                            0x0800046b   Thumb Code    50  dfixui.o(.text)
    __aeabi_f2d                              0x0800049d   Thumb Code    38  f2d.o(.text)
    __aeabi_uidiv                            0x080004c3   Thumb Code     0  uidiv.o(.text)
    __aeabi_uidivmod                         0x080004c3   Thumb Code    44  uidiv.o(.text)
    __aeabi_llsr                             0x080004ef   Thumb Code    32  llushr.o(.text)
    _ll_ushift_r                             0x080004ef   Thumb Code     0  llushr.o(.text)
    localtime                                0x08000511   Thumb Code     6  localtime_w.o(.text)
    _localtime                               0x0800051d   Thumb Code   134  localtime_i.o(.text)
    __I$use$fp                               0x080005a9   Thumb Code     0  iusefp.o(.text)
    _float_round                             0x080005a9   Thumb Code    18  fepilogue.o(.text)
    _float_epilogue                          0x080005bb   Thumb Code    92  fepilogue.o(.text)
    _double_round                            0x08000617   Thumb Code    30  depilogue.o(.text)
    _double_epilogue                         0x08000635   Thumb Code   156  depilogue.o(.text)
    __aeabi_dadd                             0x080006d1   Thumb Code   322  dadd.o(.text)
    __aeabi_dsub                             0x08000813   Thumb Code     6  dadd.o(.text)
    __aeabi_drsub                            0x08000819   Thumb Code     6  dadd.o(.text)
    __aeabi_ddiv                             0x0800081f   Thumb Code   222  ddiv.o(.text)
    __ARM_scalbn                             0x080008fd   Thumb Code    46  dscalb.o(.text)
    scalbn                                   0x080008fd   Thumb Code     0  dscalb.o(.text)
    __aeabi_i2d                              0x0800092b   Thumb Code    34  dflti.o(.text)
    __aeabi_cdrcmple                         0x0800094d   Thumb Code    48  cdrcmple.o(.text)
    __scatterload                            0x0800097d   Thumb Code    28  init.o(.text)
    __scatterload_rt2                        0x0800097d   Thumb Code     0  init.o(.text)
    __aeabi_llsl                             0x080009a1   Thumb Code    30  llshl.o(.text)
    _ll_shift_l                              0x080009a1   Thumb Code     0  llshl.o(.text)
    __aeabi_lasr                             0x080009bf   Thumb Code    36  llsshr.o(.text)
    _ll_sshift_r                             0x080009bf   Thumb Code     0  llsshr.o(.text)
    _dsqrt                                   0x080009e3   Thumb Code   162  dsqrt.o(.text)
    ADCX_Init                                0x08000a85   Thumb Code   272  adcx.o(i.ADCX_Init)
    ADC_Cmd                                  0x08000ba5   Thumb Code    22  stm32f10x_adc.o(i.ADC_Cmd)
    ADC_DMACmd                               0x08000bbb   Thumb Code    22  stm32f10x_adc.o(i.ADC_DMACmd)
    ADC_GetCalibrationStatus                 0x08000bd1   Thumb Code    20  stm32f10x_adc.o(i.ADC_GetCalibrationStatus)
    ADC_GetResetCalibrationStatus            0x08000be5   Thumb Code    20  stm32f10x_adc.o(i.ADC_GetResetCalibrationStatus)
    ADC_Init                                 0x08000bf9   Thumb Code    70  stm32f10x_adc.o(i.ADC_Init)
    ADC_RegularChannelConfig                 0x08000c49   Thumb Code   184  stm32f10x_adc.o(i.ADC_RegularChannelConfig)
    ADC_ResetCalibration                     0x08000d01   Thumb Code    10  stm32f10x_adc.o(i.ADC_ResetCalibration)
    ADC_SoftwareStartConvCmd                 0x08000d0b   Thumb Code    22  stm32f10x_adc.o(i.ADC_SoftwareStartConvCmd)
    ADC_StartCalibration                     0x08000d21   Thumb Code    10  stm32f10x_adc.o(i.ADC_StartCalibration)
    AutoControl                              0x08000d2d   Thumb Code   210  main.o(i.AutoControl)
    BEEP_Init                                0x08000e2d   Thumb Code    50  beep.o(i.BEEP_Init)
    BKP_ReadBackupRegister                   0x08000e65   Thumb Code    24  stm32f10x_bkp.o(i.BKP_ReadBackupRegister)
    BKP_WriteBackupRegister                  0x08000e81   Thumb Code    22  stm32f10x_bkp.o(i.BKP_WriteBackupRegister)
    BusFault_Handler                         0x08000e9d   Thumb Code     4  stm32f10x_it.o(i.BusFault_Handler)
    Control_Manager                          0x08000ea1   Thumb Code    40  main.o(i.Control_Manager)
    DHT11_Check                              0x08000f29   Thumb Code    88  dht11.o(i.DHT11_Check)
    DHT11_Init                               0x08000f85   Thumb Code    58  dht11.o(i.DHT11_Init)
    DHT11_Mode                               0x08000fc5   Thumb Code    52  dht11.o(i.DHT11_Mode)
    DHT11_Read_Bit                           0x08000ffd   Thumb Code    88  dht11.o(i.DHT11_Read_Bit)
    DHT11_Read_Byte                          0x08001059   Thumb Code    30  dht11.o(i.DHT11_Read_Byte)
    DHT11_Read_Data                          0x08001077   Thumb Code    88  dht11.o(i.DHT11_Read_Data)
    DHT11_Rst                                0x080010d1   Thumb Code    42  dht11.o(i.DHT11_Rst)
    DMA_Cmd                                  0x08001101   Thumb Code    24  stm32f10x_dma.o(i.DMA_Cmd)
    DMA_Init                                 0x08001119   Thumb Code    60  stm32f10x_dma.o(i.DMA_Init)
    DebugMon_Handler                         0x08001155   Thumb Code     2  stm32f10x_it.o(i.DebugMon_Handler)
    FLASH_ClearFlag                          0x08001159   Thumb Code     6  stm32f10x_flash.o(i.FLASH_ClearFlag)
    FLASH_ErasePage                          0x08001165   Thumb Code    72  stm32f10x_flash.o(i.FLASH_ErasePage)
    FLASH_GetBank1Status                     0x080011b1   Thumb Code    48  stm32f10x_flash.o(i.FLASH_GetBank1Status)
    FLASH_Lock                               0x080011e5   Thumb Code    14  stm32f10x_flash.o(i.FLASH_Lock)
    FLASH_ProgramHalfWord                    0x080011f9   Thumb Code    60  stm32f10x_flash.o(i.FLASH_ProgramHalfWord)
    FLASH_R                                  0x08001239   Thumb Code     6  flash.o(i.FLASH_R)
    FLASH_Unlock                             0x08001241   Thumb Code    12  stm32f10x_flash.o(i.FLASH_Unlock)
    FLASH_W                                  0x08001259   Thumb Code   142  flash.o(i.FLASH_W)
    FLASH_WaitForLastOperation               0x080012e7   Thumb Code    38  stm32f10x_flash.o(i.FLASH_WaitForLastOperation)
    GPIO_Init                                0x0800130d   Thumb Code   278  stm32f10x_gpio.o(i.GPIO_Init)
    GPIO_ReadInputDataBit                    0x08001423   Thumb Code    18  stm32f10x_gpio.o(i.GPIO_ReadInputDataBit)
    GPIO_ResetBits                           0x08001435   Thumb Code     4  stm32f10x_gpio.o(i.GPIO_ResetBits)
    GPIO_SetBits                             0x08001439   Thumb Code     4  stm32f10x_gpio.o(i.GPIO_SetBits)
    GPIO_WriteBit                            0x0800143d   Thumb Code    10  stm32f10x_gpio.o(i.GPIO_WriteBit)
    Get_Average_LDR_LUX                      0x08001447   Thumb Code    40  adcx.o(i.Get_Average_LDR_LUX)
    HardFault_Handler                        0x080014f5   Thumb Code     4  stm32f10x_it.o(i.HardFault_Handler)
    IIC_delay                                0x080014f9   Thumb Code    16  oled.o(i.IIC_delay)
    Key_Init                                 0x08001509   Thumb Code    40  key.o(i.Key_Init)
    Key_scan                                 0x08001535   Thumb Code   606  key.o(i.Key_scan)
    LDR_LuxData                              0x080017dd   Thumb Code   124  adcx.o(i.LDR_LuxData)
    LED_Init                                 0x08001871   Thumb Code    46  led.o(i.LED_Init)
    LED_Off                                  0x080018a5   Thumb Code    14  led.o(i.LED_Off)
    LED_On                                   0x080018b9   Thumb Code    14  led.o(i.LED_On)
    MOTOR_Direction                          0x080018cd   Thumb Code   182  stepmotor.o(i.MOTOR_Direction)
    MOTOR_Direction_Angle                    0x08001983   Thumb Code    46  stepmotor.o(i.MOTOR_Direction_Angle)
    MOTOR_Init                               0x080019b1   Thumb Code    76  stepmotor.o(i.MOTOR_Init)
    MOTOR_Rhythm_4_1_4                       0x08001a05   Thumb Code   200  stepmotor.o(i.MOTOR_Rhythm_4_1_4)
    MOTOR_Rhythm_4_1_8                       0x08001ad5   Thumb Code   372  stepmotor.o(i.MOTOR_Rhythm_4_1_8)
    MOTOR_Rhythm_4_2_4                       0x08001c51   Thumb Code   200  stepmotor.o(i.MOTOR_Rhythm_4_2_4)
    MQ7_GetData                              0x08001d21   Thumb Code    24  adcx.o(i.MQ7_GetData)
    ManualControl                            0x08001d3d   Thumb Code   308  main.o(i.ManualControl)
    ManualSettingsDisplay1                   0x08001ec1   Thumb Code    84  main.o(i.ManualSettingsDisplay1)
    MemManage_Handler                        0x08001f19   Thumb Code     4  stm32f10x_it.o(i.MemManage_Handler)
    MyRTC_Init                               0x08001f1d   Thumb Code   218  myrtc.o(i.MyRTC_Init)
    MyRTC_ReadTime                           0x08002051   Thumb Code    68  myrtc.o(i.MyRTC_ReadTime)
    MyRTC_SetTime                            0x08002099   Thumb Code    70  myrtc.o(i.MyRTC_SetTime)
    NMI_Handler                              0x080020e5   Thumb Code     2  stm32f10x_it.o(i.NMI_Handler)
    NVIC_Init                                0x080020e9   Thumb Code   100  misc.o(i.NVIC_Init)
    OLED_Clear                               0x08002159   Thumb Code    42  oled.o(i.OLED_Clear)
    OLED_DrawPoint                           0x08002189   Thumb Code   114  oled.o(i.OLED_DrawPoint)
    OLED_I2C_Start                           0x08002201   Thumb Code    48  oled.o(i.OLED_I2C_Start)
    OLED_I2C_Stop                            0x08002235   Thumb Code    32  oled.o(i.OLED_I2C_Stop)
    OLED_I2C_WaitAck                         0x08002259   Thumb Code    40  oled.o(i.OLED_I2C_WaitAck)
    OLED_Init                                0x08002285   Thumb Code   286  oled.o(i.OLED_Init)
    OLED_Pow                                 0x080023a9   Thumb Code    22  oled.o(i.OLED_Pow)
    OLED_Refresh                             0x080023c1   Thumb Code   100  oled.o(i.OLED_Refresh)
    OLED_Send_Byte                           0x08002429   Thumb Code    70  oled.o(i.OLED_Send_Byte)
    OLED_ShowChar                            0x08002475   Thumb Code   304  oled.o(i.OLED_ShowChar)
    OLED_ShowChinese                         0x080025b5   Thumb Code   244  oled.o(i.OLED_ShowChinese)
    OLED_ShowNum                             0x080026b9   Thumb Code   148  oled.o(i.OLED_ShowNum)
    OLED_WR_Byte                             0x0800274d   Thumb Code    56  oled.o(i.OLED_WR_Byte)
    OLED_autoPage1                           0x08002785   Thumb Code   312  main.o(i.OLED_autoPage1)
    OLED_autoPage2                           0x080028bd   Thumb Code   168  main.o(i.OLED_autoPage2)
    OLED_manualOption                        0x08002965   Thumb Code   152  main.o(i.OLED_manualOption)
    OLED_manualPage1                         0x080029fd   Thumb Code   100  main.o(i.OLED_manualPage1)
    OLED_settingsOption                      0x08002a61   Thumb Code   566  main.o(i.OLED_settingsOption)
    OLED_settingsPage1                       0x08002c9d   Thumb Code   372  main.o(i.OLED_settingsPage1)
    OLED_settingsPage2                       0x08002e11   Thumb Code   132  main.o(i.OLED_settingsPage2)
    OLED_settingsPage3                       0x08002e95   Thumb Code    84  main.o(i.OLED_settingsPage3)
    PWR_BackupAccessCmd                      0x08002ee9   Thumb Code     6  stm32f10x_pwr.o(i.PWR_BackupAccessCmd)
    PendSV_Handler                           0x08002ef5   Thumb Code     2  stm32f10x_it.o(i.PendSV_Handler)
    RCC_ADCCLKConfig                         0x08002ef9   Thumb Code    18  stm32f10x_rcc.o(i.RCC_ADCCLKConfig)
    RCC_AHBPeriphClockCmd                    0x08002f11   Thumb Code    26  stm32f10x_rcc.o(i.RCC_AHBPeriphClockCmd)
    RCC_APB1PeriphClockCmd                   0x08002f31   Thumb Code    26  stm32f10x_rcc.o(i.RCC_APB1PeriphClockCmd)
    RCC_APB1PeriphResetCmd                   0x08002f51   Thumb Code    26  stm32f10x_rcc.o(i.RCC_APB1PeriphResetCmd)
    RCC_APB2PeriphClockCmd                   0x08002f71   Thumb Code    26  stm32f10x_rcc.o(i.RCC_APB2PeriphClockCmd)
    RCC_APB2PeriphResetCmd                   0x08002f91   Thumb Code    26  stm32f10x_rcc.o(i.RCC_APB2PeriphResetCmd)
    RCC_GetClocksFreq                        0x08002fb1   Thumb Code   192  stm32f10x_rcc.o(i.RCC_GetClocksFreq)
    RCC_GetFlagStatus                        0x08003085   Thumb Code    56  stm32f10x_rcc.o(i.RCC_GetFlagStatus)
    RCC_LSICmd                               0x080030c1   Thumb Code     6  stm32f10x_rcc.o(i.RCC_LSICmd)
    RCC_RTCCLKCmd                            0x080030cd   Thumb Code     6  stm32f10x_rcc.o(i.RCC_RTCCLKCmd)
    RCC_RTCCLKConfig                         0x080030d9   Thumb Code    12  stm32f10x_rcc.o(i.RCC_RTCCLKConfig)
    RTC_EnterConfigMode                      0x080030e9   Thumb Code    14  stm32f10x_rtc.o(i.RTC_EnterConfigMode)
    RTC_ExitConfigMode                       0x080030fd   Thumb Code    16  stm32f10x_rtc.o(i.RTC_ExitConfigMode)
    RTC_GetCounter                           0x08003111   Thumb Code    16  stm32f10x_rtc.o(i.RTC_GetCounter)
    RTC_SetCounter                           0x08003125   Thumb Code    24  stm32f10x_rtc.o(i.RTC_SetCounter)
    RTC_SetPrescaler                         0x08003141   Thumb Code    26  stm32f10x_rtc.o(i.RTC_SetPrescaler)
    RTC_WaitForLastTask                      0x08003161   Thumb Code    16  stm32f10x_rtc.o(i.RTC_WaitForLastTask)
    RTC_WaitForSynchro                       0x08003175   Thumb Code    30  stm32f10x_rtc.o(i.RTC_WaitForSynchro)
    SVC_Handler                              0x08003199   Thumb Code     2  stm32f10x_it.o(i.SVC_Handler)
    SensorDataDisplay1                       0x0800319d   Thumb Code   296  main.o(i.SensorDataDisplay1)
    SensorDataDisplay2                       0x080032d9   Thumb Code   124  main.o(i.SensorDataDisplay2)
    SensorScan                               0x08003365   Thumb Code    34  modules.o(i.SensorScan)
    SetAuto                                  0x0800338d   Thumb Code    48  main.o(i.SetAuto)
    SetManual                                0x080033c5   Thumb Code    62  main.o(i.SetManual)
    SetSelection                             0x0800340d   Thumb Code    92  main.o(i.SetSelection)
    SettingsThresholdDisplay1                0x0800355d   Thumb Code    68  main.o(i.SettingsThresholdDisplay1)
    SettingsThresholdDisplay2                0x080035a5   Thumb Code   124  main.o(i.SettingsThresholdDisplay2)
    SettingsThresholdDisplay3                0x08003631   Thumb Code   102  main.o(i.SettingsThresholdDisplay3)
    SysTick_CLKSourceConfig                  0x0800369d   Thumb Code    40  misc.o(i.SysTick_CLKSourceConfig)
    SysTick_Handler                          0x080036c5   Thumb Code     2  stm32f10x_it.o(i.SysTick_Handler)
    SystemInit                               0x080036c9   Thumb Code    78  system_stm32f10x.o(i.SystemInit)
    TIM2_IRQHandler                          0x08003729   Thumb Code    26  tim2.o(i.TIM2_IRQHandler)
    TIM2_Init                                0x08003743   Thumb Code    94  tim2.o(i.TIM2_Init)
    TIM_ClearITPendingBit                    0x080037a1   Thumb Code     6  stm32f10x_tim.o(i.TIM_ClearITPendingBit)
    TIM_Cmd                                  0x080037a7   Thumb Code    24  stm32f10x_tim.o(i.TIM_Cmd)
    TIM_GetITStatus                          0x080037bf   Thumb Code    34  stm32f10x_tim.o(i.TIM_GetITStatus)
    TIM_ITConfig                             0x080037e1   Thumb Code    18  stm32f10x_tim.o(i.TIM_ITConfig)
    TIM_TimeBaseInit                         0x080037f5   Thumb Code   122  stm32f10x_tim.o(i.TIM_TimeBaseInit)
    ThresholdSettings                        0x08003899   Thumb Code   254  main.o(i.ThresholdSettings)
    USART1_Config                            0x080039a1   Thumb Code   114  usart.o(i.USART1_Config)
    USART2_ClearReceivedFlag                 0x08003a1d   Thumb Code    12  usart2.o(i.USART2_ClearReceivedFlag)
    USART2_GetReceivedFlag                   0x08003a31   Thumb Code     6  usart2.o(i.USART2_GetReceivedFlag)
    USART2_GetRxBuffer                       0x08003a3d   Thumb Code     4  usart2.o(i.USART2_GetRxBuffer)
    USART2_IRQHandler                        0x08003a45   Thumb Code    78  usart2.o(i.USART2_IRQHandler)
    USART2_Init                              0x08003aa5   Thumb Code   156  usart2.o(i.USART2_Init)
    USART2_ProcessCmd                        0x08003b49   Thumb Code   204  main.o(i.USART2_ProcessCmd)
    USART2_SendByte                          0x08003c2d   Thumb Code    42  usart2.o(i.USART2_SendByte)
    USART2_SendString                        0x08003c5d   Thumb Code    22  usart2.o(i.USART2_SendString)
    USART3_Config                            0x08003c75   Thumb Code   174  usart3.o(i.USART3_Config)
    USART3_IRQHandler                        0x08003d2d   Thumb Code    48  usart3.o(i.USART3_IRQHandler)
    USART3_SendByte                          0x08003d65   Thumb Code    42  usart3.o(i.USART3_SendByte)
    USART3_SendString                        0x08003d95   Thumb Code    34  usart3.o(i.USART3_SendString)
    USART_ClearITPendingBit                  0x08003db7   Thumb Code    30  stm32f10x_usart.o(i.USART_ClearITPendingBit)
    USART_Cmd                                0x08003dd5   Thumb Code    24  stm32f10x_usart.o(i.USART_Cmd)
    USART_DeInit                             0x08003ded   Thumb Code   134  stm32f10x_usart.o(i.USART_DeInit)
    USART_GetFlagStatus                      0x08003e89   Thumb Code    26  stm32f10x_usart.o(i.USART_GetFlagStatus)
    USART_GetITStatus                        0x08003ea3   Thumb Code    84  stm32f10x_usart.o(i.USART_GetITStatus)
    USART_ITConfig                           0x08003ef7   Thumb Code    74  stm32f10x_usart.o(i.USART_ITConfig)
    USART_Init                               0x08003f41   Thumb Code   210  stm32f10x_usart.o(i.USART_Init)
    USART_ReceiveData                        0x08004019   Thumb Code    10  stm32f10x_usart.o(i.USART_ReceiveData)
    USART_SendData                           0x08004023   Thumb Code     8  stm32f10x_usart.o(i.USART_SendData)
    UsageFault_Handler                       0x0800402b   Thumb Code     4  stm32f10x_it.o(i.UsageFault_Handler)
    __0printf$3                              0x08004031   Thumb Code    22  printf3.o(i.__0printf$3)
    __1printf$3                              0x08004031   Thumb Code     0  printf3.o(i.__0printf$3)
    __2printf                                0x08004031   Thumb Code     0  printf3.o(i.__0printf$3)
    __0sprintf$3                             0x08004051   Thumb Code    34  printf3.o(i.__0sprintf$3)
    __1sprintf$3                             0x08004051   Thumb Code     0  printf3.o(i.__0sprintf$3)
    __2sprintf                               0x08004051   Thumb Code     0  printf3.o(i.__0sprintf$3)
    __ARM_fpclassify                         0x08004079   Thumb Code    40  fpclassify.o(i.__ARM_fpclassify)
    __kernel_poly                            0x080040a1   Thumb Code   170  poly.o(i.__kernel_poly)
    __mathlib_dbl_divzero                    0x0800414d   Thumb Code    12  dunder.o(i.__mathlib_dbl_divzero)
    __mathlib_dbl_infnan2                    0x0800415d   Thumb Code     4  dunder.o(i.__mathlib_dbl_infnan2)
    __mathlib_dbl_invalid                    0x08004161   Thumb Code    12  dunder.o(i.__mathlib_dbl_invalid)
    __mathlib_dbl_overflow                   0x0800416d   Thumb Code    14  dunder.o(i.__mathlib_dbl_overflow)
    __mathlib_dbl_underflow                  0x0800417d   Thumb Code    10  dunder.o(i.__mathlib_dbl_underflow)
    __scatterload_copy                       0x0800418d   Thumb Code    14  handlers.o(i.__scatterload_copy)
    __scatterload_null                       0x0800419b   Thumb Code     2  handlers.o(i.__scatterload_null)
    __scatterload_zeroinit                   0x0800419d   Thumb Code    14  handlers.o(i.__scatterload_zeroinit)
    __set_errno                              0x080041ad   Thumb Code     6  errno.o(i.__set_errno)
    delay_init                               0x0800437d   Thumb Code    52  delay.o(i.delay_init)
    delay_ms                                 0x080043b9   Thumb Code    56  delay.o(i.delay_ms)
    delay_us                                 0x080043f5   Thumb Code    56  delay.o(i.delay_us)
    fputc                                    0x08004431   Thumb Code    32  usart.o(i.fputc)
    main                                     0x08004455   Thumb Code  2046  main.o(i.main)
    pow                                      0x08004c95   Thumb Code  2512  pow.o(i.pow)
    sqrt                                     0x0800566d   Thumb Code    76  sqrt.o(i.sqrt)
    asc2_0806                                0x080056b8   Data         552  oled.o(.constdata)
    asc2_1206                                0x080058e0   Data        1140  oled.o(.constdata)
    asc2_1608                                0x08005d54   Data        1520  oled.o(.constdata)
    asc2_2412                                0x08006344   Data        3420  oled.o(.constdata)
    Hzk1                                     0x080070a0   Data        1952  oled.o(.constdata)
    Hzk2                                     0x08007840   Data          72  oled.o(.constdata)
    Hzk3                                     0x08007888   Data         128  oled.o(.constdata)
    Hzk4                                     0x08007908   Data         512  oled.o(.constdata)
    __mathlib_zero                           0x08007ba0   Data           8  qnan.o(.constdata)
    Region$$Table$$Base                      0x08007bf8   Number         0  anon$$obj.o(Region$$Table)
    Region$$Table$$Limit                     0x08007c18   Number         0  anon$$obj.o(Region$$Table)
    OPEN_HOUR                                0x20000000   Data           1  main.o(.data)
    OPEN_MINUTE                              0x20000001   Data           1  main.o(.data)
    CLOSE_HOUR                               0x20000002   Data           1  main.o(.data)
    CLOSE_MINUTE                             0x20000003   Data           1  main.o(.data)
    driveData                                0x20000004   Data           8  main.o(.data)
    mode                                     0x2000000c   Data           1  main.o(.data)
    dakai                                    0x2000000d   Data           1  main.o(.data)
    Flag_dakai                               0x2000000e   Data           1  main.o(.data)
    is_secondary_menu                        0x2000000f   Data           1  main.o(.data)
    secondary_pos                            0x20000010   Data           1  main.o(.data)
    secondary_type                           0x20000011   Data           1  main.o(.data)
    send_data                                0x20000012   Data           9  main.o(.data)
    send_data1                               0x2000001b   Data           9  main.o(.data)
    MODE_PAGES                               0x20000027   Data           1  main.o(.data)
    key1_long_flag                           0x2000002c   Data           1  key.o(.data)
    key2_long_flag                           0x2000002d   Data           1  key.o(.data)
    key3_long_flag                           0x2000002e   Data           1  key.o(.data)
    key4_long_flag                           0x2000002f   Data           1  key.o(.data)
    key1_lock_flag                           0x20000030   Data           1  key.o(.data)
    key2_lock_flag                           0x20000031   Data           1  key.o(.data)
    key3_lock_flag                           0x20000032   Data           1  key.o(.data)
    key4_lock_flag                           0x20000033   Data           1  key.o(.data)
    key1_cnt                                 0x20000034   Data           2  key.o(.data)
    key2_cnt                                 0x20000036   Data           2  key.o(.data)
    key3_cnt                                 0x20000038   Data           2  key.o(.data)
    key4_cnt                                 0x2000003a   Data           2  key.o(.data)
    key1_cnt2                                0x2000003c   Data           2  key.o(.data)
    key2_cnt2                                0x2000003e   Data           2  key.o(.data)
    key3_cnt2                                0x20000040   Data           2  key.o(.data)
    key4_cnt2                                0x20000042   Data           2  key.o(.data)
    key1_short_flag                          0x20000044   Data           1  key.o(.data)
    key2_short_flag                          0x20000045   Data           1  key.o(.data)
    key3_short_flag                          0x20000046   Data           1  key.o(.data)
    key4_short_flag                          0x20000047   Data           1  key.o(.data)
    KeyNum                                   0x20000048   Data           1  key.o(.data)
    MyRTC_Time                               0x20000058   Data          12  myrtc.o(.data)
    __stdout                                 0x20000078   Data           4  stdout.o(.data)
    sensorData                               0x20000080   Data          14  main.o(.bss)
    Sensorthreshold                          0x2000008e   Data          14  main.o(.bss)
    OLED_GRAM                                0x2000009c   Data        1152  oled.o(.bss)
    __initial_sp                             0x200007c8   Data           0  startup_stm32f10x_md.o(STACK)



==============================================================================

Memory Map of the image

  Image Entry point : 0x080000ed

  Load Region LR_IROM1 (Base: 0x08000000, Size: 0x00007c98, Max: 0x00010000, ABSOLUTE)

    Execution Region ER_IROM1 (Exec base: 0x08000000, Load base: 0x08000000, Size: 0x00007c18, Max: 0x00010000, ABSOLUTE)

    Exec Addr    Load Addr    Size         Type   Attr      Idx    E Section Name        Object

    0x08000000   0x08000000   0x000000ec   Data   RO         1095    RESET               startup_stm32f10x_md.o
    0x080000ec   0x080000ec   0x00000000   Code   RO         2884  * .ARM.Collect$$$$00000000  mc_w.l(entry.o)
    0x080000ec   0x080000ec   0x00000004   Code   RO         3200    .ARM.Collect$$$$00000001  mc_w.l(entry2.o)
    0x080000f0   0x080000f0   0x00000004   Code   RO         3203    .ARM.Collect$$$$00000004  mc_w.l(entry5.o)
    0x080000f4   0x080000f4   0x00000000   Code   RO         3205    .ARM.Collect$$$$00000008  mc_w.l(entry7b.o)
    0x080000f4   0x080000f4   0x00000000   Code   RO         3207    .ARM.Collect$$$$0000000A  mc_w.l(entry8b.o)
    0x080000f4   0x080000f4   0x00000008   Code   RO         3208    .ARM.Collect$$$$0000000B  mc_w.l(entry9a.o)
    0x080000fc   0x080000fc   0x00000004   Code   RO         3215    .ARM.Collect$$$$0000000E  mc_w.l(entry12b.o)
    0x08000100   0x08000100   0x00000000   Code   RO         3210    .ARM.Collect$$$$0000000F  mc_w.l(entry10a.o)
    0x08000100   0x08000100   0x00000000   Code   RO         3212    .ARM.Collect$$$$00000011  mc_w.l(entry11a.o)
    0x08000100   0x08000100   0x00000004   Code   RO         3201    .ARM.Collect$$$$00002712  mc_w.l(entry2.o)
    0x08000104   0x08000104   0x0000001c   Code   RO         1096    .text               startup_stm32f10x_md.o
    0x08000120   0x08000120   0x000000a8   Code   RO         2891    .text               mc_w.l(mktime.o)
    0x080001c8   0x080001c8   0x00000024   Code   RO         2894    .text               mc_w.l(memcpya.o)
    0x080001ec   0x080001ec   0x000000b0   Code   RO         3159    .text               mf_w.l(fadd.o)
    0x0800029c   0x0800029c   0x00000064   Code   RO         3161    .text               mf_w.l(fmul.o)
    0x08000300   0x08000300   0x0000007c   Code   RO         3163    .text               mf_w.l(fdiv.o)
    0x0800037c   0x0800037c   0x000000e4   Code   RO         3165    .text               mf_w.l(dmul.o)
    0x08000460   0x08000460   0x0000000a   Code   RO         3167    .text               mf_w.l(ffltui.o)
    0x0800046a   0x0800046a   0x00000032   Code   RO         3169    .text               mf_w.l(dfixui.o)
    0x0800049c   0x0800049c   0x00000026   Code   RO         3171    .text               mf_w.l(f2d.o)
    0x080004c2   0x080004c2   0x0000002c   Code   RO         3217    .text               mc_w.l(uidiv.o)
    0x080004ee   0x080004ee   0x00000020   Code   RO         3221    .text               mc_w.l(llushr.o)
    0x0800050e   0x0800050e   0x00000002   PAD
    0x08000510   0x08000510   0x0000000c   Code   RO         3223    .text               mc_w.l(localtime_w.o)
    0x0800051c   0x0800051c   0x0000008c   Code   RO         3226    .text               mc_w.l(localtime_i.o)
    0x080005a8   0x080005a8   0x00000000   Code   RO         3236    .text               mc_w.l(iusefp.o)
    0x080005a8   0x080005a8   0x0000006e   Code   RO         3237    .text               mf_w.l(fepilogue.o)
    0x08000616   0x08000616   0x000000ba   Code   RO         3239    .text               mf_w.l(depilogue.o)
    0x080006d0   0x080006d0   0x0000014e   Code   RO         3241    .text               mf_w.l(dadd.o)
    0x0800081e   0x0800081e   0x000000de   Code   RO         3243    .text               mf_w.l(ddiv.o)
    0x080008fc   0x080008fc   0x0000002e   Code   RO         3245    .text               mf_w.l(dscalb.o)
    0x0800092a   0x0800092a   0x00000022   Code   RO         3247    .text               mf_w.l(dflti.o)
    0x0800094c   0x0800094c   0x00000030   Code   RO         3251    .text               mf_w.l(cdrcmple.o)
    0x0800097c   0x0800097c   0x00000024   Code   RO         3253    .text               mc_w.l(init.o)
    0x080009a0   0x080009a0   0x0000001e   Code   RO         3255    .text               mc_w.l(llshl.o)
    0x080009be   0x080009be   0x00000024   Code   RO         3257    .text               mc_w.l(llsshr.o)
    0x080009e2   0x080009e2   0x000000a2   Code   RO         3259    .text               mf_w.l(dsqrt.o)
    0x08000a84   0x08000a84   0x00000120   Code   RO          882    i.ADCX_Init         adcx.o
    0x08000ba4   0x08000ba4   0x00000016   Code   RO         2184    i.ADC_Cmd           stm32f10x_adc.o
    0x08000bba   0x08000bba   0x00000016   Code   RO         2185    i.ADC_DMACmd        stm32f10x_adc.o
    0x08000bd0   0x08000bd0   0x00000014   Code   RO         2192    i.ADC_GetCalibrationStatus  stm32f10x_adc.o
    0x08000be4   0x08000be4   0x00000014   Code   RO         2198    i.ADC_GetResetCalibrationStatus  stm32f10x_adc.o
    0x08000bf8   0x08000bf8   0x00000050   Code   RO         2202    i.ADC_Init          stm32f10x_adc.o
    0x08000c48   0x08000c48   0x000000b8   Code   RO         2206    i.ADC_RegularChannelConfig  stm32f10x_adc.o
    0x08000d00   0x08000d00   0x0000000a   Code   RO         2207    i.ADC_ResetCalibration  stm32f10x_adc.o
    0x08000d0a   0x08000d0a   0x00000016   Code   RO         2209    i.ADC_SoftwareStartConvCmd  stm32f10x_adc.o
    0x08000d20   0x08000d20   0x0000000a   Code   RO         2211    i.ADC_StartCalibration  stm32f10x_adc.o
    0x08000d2a   0x08000d2a   0x00000002   PAD
    0x08000d2c   0x08000d2c   0x00000100   Code   RO          186    i.AutoControl       main.o
    0x08000e2c   0x08000e2c   0x00000038   Code   RO          683    i.BEEP_Init         beep.o
    0x08000e64   0x08000e64   0x0000001c   Code   RO         2653    i.BKP_ReadBackupRegister  stm32f10x_bkp.o
    0x08000e80   0x08000e80   0x0000001c   Code   RO         2657    i.BKP_WriteBackupRegister  stm32f10x_bkp.o
    0x08000e9c   0x08000e9c   0x00000004   Code   RO            1    i.BusFault_Handler  stm32f10x_it.o
    0x08000ea0   0x08000ea0   0x00000088   Code   RO          187    i.Control_Manager   main.o
    0x08000f28   0x08000f28   0x0000005c   Code   RO          395    i.DHT11_Check       dht11.o
    0x08000f84   0x08000f84   0x00000040   Code   RO          396    i.DHT11_Init        dht11.o
    0x08000fc4   0x08000fc4   0x00000038   Code   RO          397    i.DHT11_Mode        dht11.o
    0x08000ffc   0x08000ffc   0x0000005c   Code   RO          398    i.DHT11_Read_Bit    dht11.o
    0x08001058   0x08001058   0x0000001e   Code   RO          399    i.DHT11_Read_Byte   dht11.o
    0x08001076   0x08001076   0x00000058   Code   RO          400    i.DHT11_Read_Data   dht11.o
    0x080010ce   0x080010ce   0x00000002   PAD
    0x080010d0   0x080010d0   0x00000030   Code   RO          401    i.DHT11_Rst         dht11.o
    0x08001100   0x08001100   0x00000018   Code   RO         2402    i.DMA_Cmd           stm32f10x_dma.o
    0x08001118   0x08001118   0x0000003c   Code   RO         2408    i.DMA_Init          stm32f10x_dma.o
    0x08001154   0x08001154   0x00000002   Code   RO            2    i.DebugMon_Handler  stm32f10x_it.o
    0x08001156   0x08001156   0x00000002   PAD
    0x08001158   0x08001158   0x0000000c   Code   RO         2472    i.FLASH_ClearFlag   stm32f10x_flash.o
    0x08001164   0x08001164   0x0000004c   Code   RO         2477    i.FLASH_ErasePage   stm32f10x_flash.o
    0x080011b0   0x080011b0   0x00000034   Code   RO         2478    i.FLASH_GetBank1Status  stm32f10x_flash.o
    0x080011e4   0x080011e4   0x00000014   Code   RO         2487    i.FLASH_Lock        stm32f10x_flash.o
    0x080011f8   0x080011f8   0x00000040   Code   RO         2490    i.FLASH_ProgramHalfWord  stm32f10x_flash.o
    0x08001238   0x08001238   0x00000006   Code   RO          929    i.FLASH_R           flash.o
    0x0800123e   0x0800123e   0x00000002   PAD
    0x08001240   0x08001240   0x00000018   Code   RO         2495    i.FLASH_Unlock      stm32f10x_flash.o
    0x08001258   0x08001258   0x0000008e   Code   RO          930    i.FLASH_W           flash.o
    0x080012e6   0x080012e6   0x00000026   Code   RO         2499    i.FLASH_WaitForLastOperation  stm32f10x_flash.o
    0x0800130c   0x0800130c   0x00000116   Code   RO         1322    i.GPIO_Init         stm32f10x_gpio.o
    0x08001422   0x08001422   0x00000012   Code   RO         1326    i.GPIO_ReadInputDataBit  stm32f10x_gpio.o
    0x08001434   0x08001434   0x00000004   Code   RO         1329    i.GPIO_ResetBits    stm32f10x_gpio.o
    0x08001438   0x08001438   0x00000004   Code   RO         1330    i.GPIO_SetBits      stm32f10x_gpio.o
    0x0800143c   0x0800143c   0x0000000a   Code   RO         1333    i.GPIO_WriteBit     stm32f10x_gpio.o
    0x08001446   0x08001446   0x00000028   Code   RO          883    i.Get_Average_LDR_LUX  adcx.o
    0x0800146e   0x0800146e   0x00000002   PAD
    0x08001470   0x08001470   0x00000084   Code   RO          884    i.Get_LDR_LUX       adcx.o
    0x080014f4   0x080014f4   0x00000004   Code   RO            3    i.HardFault_Handler  stm32f10x_it.o
    0x080014f8   0x080014f8   0x00000010   Code   RO          505    i.IIC_delay         oled.o
    0x08001508   0x08001508   0x0000002c   Code   RO          659    i.Key_Init          key.o
    0x08001534   0x08001534   0x000002a8   Code   RO          660    i.Key_scan          key.o
    0x080017dc   0x080017dc   0x00000094   Code   RO          885    i.LDR_LuxData       adcx.o
    0x08001870   0x08001870   0x00000034   Code   RO          469    i.LED_Init          led.o
    0x080018a4   0x080018a4   0x00000014   Code   RO          470    i.LED_Off           led.o
    0x080018b8   0x080018b8   0x00000014   Code   RO          471    i.LED_On            led.o
    0x080018cc   0x080018cc   0x000000b6   Code   RO          695    i.MOTOR_Direction   stepmotor.o
    0x08001982   0x08001982   0x0000002e   Code   RO          696    i.MOTOR_Direction_Angle  stepmotor.o
    0x080019b0   0x080019b0   0x00000054   Code   RO          697    i.MOTOR_Init        stepmotor.o
    0x08001a04   0x08001a04   0x000000d0   Code   RO          698    i.MOTOR_Rhythm_4_1_4  stepmotor.o
    0x08001ad4   0x08001ad4   0x0000017c   Code   RO          699    i.MOTOR_Rhythm_4_1_8  stepmotor.o
    0x08001c50   0x08001c50   0x000000d0   Code   RO          700    i.MOTOR_Rhythm_4_2_4  stepmotor.o
    0x08001d20   0x08001d20   0x0000001c   Code   RO          886    i.MQ7_GetData       adcx.o
    0x08001d3c   0x08001d3c   0x00000184   Code   RO          188    i.ManualControl     main.o
    0x08001ec0   0x08001ec0   0x00000058   Code   RO          189    i.ManualSettingsDisplay1  main.o
    0x08001f18   0x08001f18   0x00000004   Code   RO            4    i.MemManage_Handler  stm32f10x_it.o
    0x08001f1c   0x08001f1c   0x00000134   Code   RO         1049    i.MyRTC_Init        myrtc.o
    0x08002050   0x08002050   0x00000048   Code   RO         1050    i.MyRTC_ReadTime    myrtc.o
    0x08002098   0x08002098   0x0000004c   Code   RO         1051    i.MyRTC_SetTime     myrtc.o
    0x080020e4   0x080020e4   0x00000002   Code   RO            5    i.NMI_Handler       stm32f10x_it.o
    0x080020e6   0x080020e6   0x00000002   PAD
    0x080020e8   0x080020e8   0x00000070   Code   RO         1100    i.NVIC_Init         misc.o
    0x08002158   0x08002158   0x00000030   Code   RO          506    i.OLED_Clear        oled.o
    0x08002188   0x08002188   0x00000078   Code   RO          513    i.OLED_DrawPoint    oled.o
    0x08002200   0x08002200   0x00000034   Code   RO          514    i.OLED_I2C_Start    oled.o
    0x08002234   0x08002234   0x00000024   Code   RO          515    i.OLED_I2C_Stop     oled.o
    0x08002258   0x08002258   0x0000002c   Code   RO          516    i.OLED_I2C_WaitAck  oled.o
    0x08002284   0x08002284   0x00000124   Code   RO          517    i.OLED_Init         oled.o
    0x080023a8   0x080023a8   0x00000016   Code   RO          518    i.OLED_Pow          oled.o
    0x080023be   0x080023be   0x00000002   PAD
    0x080023c0   0x080023c0   0x00000068   Code   RO          519    i.OLED_Refresh      oled.o
    0x08002428   0x08002428   0x0000004c   Code   RO          521    i.OLED_Send_Byte    oled.o
    0x08002474   0x08002474   0x00000140   Code   RO          522    i.OLED_ShowChar     oled.o
    0x080025b4   0x080025b4   0x00000104   Code   RO          523    i.OLED_ShowChinese  oled.o
    0x080026b8   0x080026b8   0x00000094   Code   RO          524    i.OLED_ShowNum      oled.o
    0x0800274c   0x0800274c   0x00000038   Code   RO          527    i.OLED_WR_Byte      oled.o
    0x08002784   0x08002784   0x00000138   Code   RO          190    i.OLED_autoPage1    main.o
    0x080028bc   0x080028bc   0x000000a8   Code   RO          191    i.OLED_autoPage2    main.o
    0x08002964   0x08002964   0x00000098   Code   RO          192    i.OLED_manualOption  main.o
    0x080029fc   0x080029fc   0x00000064   Code   RO          193    i.OLED_manualPage1  main.o
    0x08002a60   0x08002a60   0x0000023c   Code   RO          194    i.OLED_settingsOption  main.o
    0x08002c9c   0x08002c9c   0x00000174   Code   RO          195    i.OLED_settingsPage1  main.o
    0x08002e10   0x08002e10   0x00000084   Code   RO          196    i.OLED_settingsPage2  main.o
    0x08002e94   0x08002e94   0x00000054   Code   RO          197    i.OLED_settingsPage3  main.o
    0x08002ee8   0x08002ee8   0x0000000c   Code   RO         2814    i.PWR_BackupAccessCmd  stm32f10x_pwr.o
    0x08002ef4   0x08002ef4   0x00000002   Code   RO            6    i.PendSV_Handler    stm32f10x_it.o
    0x08002ef6   0x08002ef6   0x00000002   PAD
    0x08002ef8   0x08002ef8   0x00000018   Code   RO         1430    i.RCC_ADCCLKConfig  stm32f10x_rcc.o
    0x08002f10   0x08002f10   0x00000020   Code   RO         1431    i.RCC_AHBPeriphClockCmd  stm32f10x_rcc.o
    0x08002f30   0x08002f30   0x00000020   Code   RO         1432    i.RCC_APB1PeriphClockCmd  stm32f10x_rcc.o
    0x08002f50   0x08002f50   0x00000020   Code   RO         1433    i.RCC_APB1PeriphResetCmd  stm32f10x_rcc.o
    0x08002f70   0x08002f70   0x00000020   Code   RO         1434    i.RCC_APB2PeriphClockCmd  stm32f10x_rcc.o
    0x08002f90   0x08002f90   0x00000020   Code   RO         1435    i.RCC_APB2PeriphResetCmd  stm32f10x_rcc.o
    0x08002fb0   0x08002fb0   0x000000d4   Code   RO         1442    i.RCC_GetClocksFreq  stm32f10x_rcc.o
    0x08003084   0x08003084   0x0000003c   Code   RO         1443    i.RCC_GetFlagStatus  stm32f10x_rcc.o
    0x080030c0   0x080030c0   0x0000000c   Code   RO         1451    i.RCC_LSICmd        stm32f10x_rcc.o
    0x080030cc   0x080030cc   0x0000000c   Code   RO         1457    i.RCC_RTCCLKCmd     stm32f10x_rcc.o
    0x080030d8   0x080030d8   0x00000010   Code   RO         1458    i.RCC_RTCCLKConfig  stm32f10x_rcc.o
    0x080030e8   0x080030e8   0x00000014   Code   RO         2726    i.RTC_EnterConfigMode  stm32f10x_rtc.o
    0x080030fc   0x080030fc   0x00000014   Code   RO         2727    i.RTC_ExitConfigMode  stm32f10x_rtc.o
    0x08003110   0x08003110   0x00000014   Code   RO         2728    i.RTC_GetCounter    stm32f10x_rtc.o
    0x08003124   0x08003124   0x0000001c   Code   RO         2734    i.RTC_SetCounter    stm32f10x_rtc.o
    0x08003140   0x08003140   0x00000020   Code   RO         2735    i.RTC_SetPrescaler  stm32f10x_rtc.o
    0x08003160   0x08003160   0x00000014   Code   RO         2736    i.RTC_WaitForLastTask  stm32f10x_rtc.o
    0x08003174   0x08003174   0x00000024   Code   RO         2737    i.RTC_WaitForSynchro  stm32f10x_rtc.o
    0x08003198   0x08003198   0x00000002   Code   RO            7    i.SVC_Handler       stm32f10x_it.o
    0x0800319a   0x0800319a   0x00000002   PAD
    0x0800319c   0x0800319c   0x0000013c   Code   RO          198    i.SensorDataDisplay1  main.o
    0x080032d8   0x080032d8   0x0000008c   Code   RO          199    i.SensorDataDisplay2  main.o
    0x08003364   0x08003364   0x00000028   Code   RO          743    i.SensorScan        modules.o
    0x0800338c   0x0800338c   0x00000038   Code   RO          200    i.SetAuto           main.o
    0x080033c4   0x080033c4   0x00000048   Code   RO          201    i.SetManual         main.o
    0x0800340c   0x0800340c   0x00000068   Code   RO          202    i.SetSelection      main.o
    0x08003474   0x08003474   0x00000008   Code   RO          152    i.SetSysClock       system_stm32f10x.o
    0x0800347c   0x0800347c   0x000000e0   Code   RO          153    i.SetSysClockTo72   system_stm32f10x.o
    0x0800355c   0x0800355c   0x00000048   Code   RO          203    i.SettingsThresholdDisplay1  main.o
    0x080035a4   0x080035a4   0x0000008c   Code   RO          204    i.SettingsThresholdDisplay2  main.o
    0x08003630   0x08003630   0x0000006c   Code   RO          205    i.SettingsThresholdDisplay3  main.o
    0x0800369c   0x0800369c   0x00000028   Code   RO         1104    i.SysTick_CLKSourceConfig  misc.o
    0x080036c4   0x080036c4   0x00000002   Code   RO            8    i.SysTick_Handler   stm32f10x_it.o
    0x080036c6   0x080036c6   0x00000002   PAD
    0x080036c8   0x080036c8   0x00000060   Code   RO          155    i.SystemInit        system_stm32f10x.o
    0x08003728   0x08003728   0x0000001a   Code   RO          839    i.TIM2_IRQHandler   tim2.o
    0x08003742   0x08003742   0x0000005e   Code   RO          840    i.TIM2_Init         tim2.o
    0x080037a0   0x080037a0   0x00000006   Code   RO         1641    i.TIM_ClearITPendingBit  stm32f10x_tim.o
    0x080037a6   0x080037a6   0x00000018   Code   RO         1646    i.TIM_Cmd           stm32f10x_tim.o
    0x080037be   0x080037be   0x00000022   Code   RO         1667    i.TIM_GetITStatus   stm32f10x_tim.o
    0x080037e0   0x080037e0   0x00000012   Code   RO         1671    i.TIM_ITConfig      stm32f10x_tim.o
    0x080037f2   0x080037f2   0x00000002   PAD
    0x080037f4   0x080037f4   0x000000a4   Code   RO         1717    i.TIM_TimeBaseInit  stm32f10x_tim.o
    0x08003898   0x08003898   0x00000108   Code   RO          206    i.ThresholdSettings  main.o
    0x080039a0   0x080039a0   0x0000007c   Code   RO          785    i.USART1_Config     usart.o
    0x08003a1c   0x08003a1c   0x00000014   Code   RO          985    i.USART2_ClearReceivedFlag  usart2.o
    0x08003a30   0x08003a30   0x0000000c   Code   RO          986    i.USART2_GetReceivedFlag  usart2.o
    0x08003a3c   0x08003a3c   0x00000008   Code   RO          988    i.USART2_GetRxBuffer  usart2.o
    0x08003a44   0x08003a44   0x00000060   Code   RO          989    i.USART2_IRQHandler  usart2.o
    0x08003aa4   0x08003aa4   0x000000a4   Code   RO          990    i.USART2_Init       usart2.o
    0x08003b48   0x08003b48   0x000000e4   Code   RO          207    i.USART2_ProcessCmd  main.o
    0x08003c2c   0x08003c2c   0x00000030   Code   RO          991    i.USART2_SendByte   usart2.o
    0x08003c5c   0x08003c5c   0x00000016   Code   RO          992    i.USART2_SendString  usart2.o
    0x08003c72   0x08003c72   0x00000002   PAD
    0x08003c74   0x08003c74   0x000000b8   Code   RO          947    i.USART3_Config     usart3.o
    0x08003d2c   0x08003d2c   0x00000038   Code   RO          948    i.USART3_IRQHandler  usart3.o
    0x08003d64   0x08003d64   0x00000030   Code   RO          949    i.USART3_SendByte   usart3.o
    0x08003d94   0x08003d94   0x00000022   Code   RO          950    i.USART3_SendString  usart3.o
    0x08003db6   0x08003db6   0x0000001e   Code   RO         1137    i.USART_ClearITPendingBit  stm32f10x_usart.o
    0x08003dd4   0x08003dd4   0x00000018   Code   RO         1140    i.USART_Cmd         stm32f10x_usart.o
    0x08003dec   0x08003dec   0x0000009c   Code   RO         1142    i.USART_DeInit      stm32f10x_usart.o
    0x08003e88   0x08003e88   0x0000001a   Code   RO         1143    i.USART_GetFlagStatus  stm32f10x_usart.o
    0x08003ea2   0x08003ea2   0x00000054   Code   RO         1144    i.USART_GetITStatus  stm32f10x_usart.o
    0x08003ef6   0x08003ef6   0x0000004a   Code   RO         1146    i.USART_ITConfig    stm32f10x_usart.o
    0x08003f40   0x08003f40   0x000000d8   Code   RO         1147    i.USART_Init        stm32f10x_usart.o
    0x08004018   0x08004018   0x0000000a   Code   RO         1154    i.USART_ReceiveData  stm32f10x_usart.o
    0x08004022   0x08004022   0x00000008   Code   RO         1157    i.USART_SendData    stm32f10x_usart.o
    0x0800402a   0x0800402a   0x00000004   Code   RO            9    i.UsageFault_Handler  stm32f10x_it.o
    0x0800402e   0x0800402e   0x00000002   PAD
    0x08004030   0x08004030   0x00000020   Code   RO         2987    i.__0printf$3       mc_w.l(printf3.o)
    0x08004050   0x08004050   0x00000028   Code   RO         2989    i.__0sprintf$3      mc_w.l(printf3.o)
    0x08004078   0x08004078   0x00000028   Code   RO         3187    i.__ARM_fpclassify  m_ws.l(fpclassify.o)
    0x080040a0   0x080040a0   0x000000aa   Code   RO         3189    i.__kernel_poly     m_ws.l(poly.o)
    0x0800414a   0x0800414a   0x00000002   PAD
    0x0800414c   0x0800414c   0x00000010   Code   RO         3173    i.__mathlib_dbl_divzero  m_ws.l(dunder.o)
    0x0800415c   0x0800415c   0x00000004   Code   RO         3175    i.__mathlib_dbl_infnan2  m_ws.l(dunder.o)
    0x08004160   0x08004160   0x0000000c   Code   RO         3176    i.__mathlib_dbl_invalid  m_ws.l(dunder.o)
    0x0800416c   0x0800416c   0x0000000e   Code   RO         3177    i.__mathlib_dbl_overflow  m_ws.l(dunder.o)
    0x0800417a   0x0800417a   0x00000002   PAD
    0x0800417c   0x0800417c   0x00000010   Code   RO         3179    i.__mathlib_dbl_underflow  m_ws.l(dunder.o)
    0x0800418c   0x0800418c   0x0000000e   Code   RO         3265    i.__scatterload_copy  mc_w.l(handlers.o)
    0x0800419a   0x0800419a   0x00000002   Code   RO         3266    i.__scatterload_null  mc_w.l(handlers.o)
    0x0800419c   0x0800419c   0x0000000e   Code   RO         3267    i.__scatterload_zeroinit  mc_w.l(handlers.o)
    0x080041aa   0x080041aa   0x00000002   PAD
    0x080041ac   0x080041ac   0x0000000c   Code   RO         3231    i.__set_errno       mc_w.l(errno.o)
    0x080041b8   0x080041b8   0x000001b8   Code   RO         2994    i._printf_core      mc_w.l(printf3.o)
    0x08004370   0x08004370   0x0000000a   Code   RO         2996    i._sputc            mc_w.l(printf3.o)
    0x0800437a   0x0800437a   0x00000002   PAD
    0x0800437c   0x0800437c   0x0000003c   Code   RO          759    i.delay_init        delay.o
    0x080043b8   0x080043b8   0x0000003c   Code   RO          760    i.delay_ms          delay.o
    0x080043f4   0x080043f4   0x0000003c   Code   RO          761    i.delay_us          delay.o
    0x08004430   0x08004430   0x00000024   Code   RO          786    i.fputc             usart.o
    0x08004454   0x08004454   0x00000840   Code   RO          208    i.main              main.o
    0x08004c94   0x08004c94   0x000009d8   Code   RO         2875    i.pow               m_ws.l(pow.o)
    0x0800566c   0x0800566c   0x0000004c   Code   RO         3193    i.sqrt              m_ws.l(sqrt.o)
    0x080056b8   0x080056b8   0x00002450   Data   RO          529    .constdata          oled.o
    0x08007b08   0x08007b08   0x00000088   Data   RO         2876    .constdata          m_ws.l(pow.o)
    0x08007b90   0x08007b90   0x0000000c   Data   RO         2892    .constdata          mc_w.l(mktime.o)
    0x08007b9c   0x08007b9c   0x00000004   PAD
    0x08007ba0   0x08007ba0   0x00000008   Data   RO         3191    .constdata          m_ws.l(qnan.o)
    0x08007ba8   0x08007ba8   0x0000000c   Data   RO         3227    .constdata          mc_w.l(localtime_i.o)
    0x08007bb4   0x08007bb4   0x00000044   Data   RO          210    .conststring        main.o
    0x08007bf8   0x08007bf8   0x00000020   Data   RO         3263    Region$$Table       anon$$obj.o


    Execution Region RW_IRAM1 (Exec base: 0x20000000, Load base: 0x08007c18, Size: 0x000007c8, Max: 0x00005000, ABSOLUTE)

    Exec Addr    Load Addr    Size         Type   Attr      Idx    E Section Name        Object

    0x20000000   0x08007c18   0x0000002b   Data   RW          211    .data               main.o
    0x2000002b   0x08007c43   0x00000001   PAD
    0x2000002c   0x08007c44   0x0000001d   Data   RW          661    .data               key.o
    0x20000049   0x08007c61   0x00000001   PAD
    0x2000004a   0x08007c62   0x00000004   Data   RW          762    .data               delay.o
    0x2000004e   0x08007c66   0x00000006   Data   RW          888    .data               adcx.o
    0x20000054   0x08007c6c   0x00000003   Data   RW          994    .data               usart2.o
    0x20000057   0x08007c6f   0x00000001   PAD
    0x20000058   0x08007c70   0x0000000c   Data   RW         1052    .data               myrtc.o
    0x20000064   0x08007c7c   0x00000014   Data   RW         1462    .data               stm32f10x_rcc.o
    0x20000078   0x08007c90   0x00000004   Data   RW         3216    .data               mc_w.l(stdout.o)
    0x2000007c   0x08007c94   0x00000004   Data   RW         3232    .data               mc_w.l(errno.o)
    0x20000080        -       0x0000001c   Zero   RW          209    .bss                main.o
    0x2000009c        -       0x00000480   Zero   RW          528    .bss                oled.o
    0x2000051c        -       0x00000080   Zero   RW          993    .bss                usart2.o
    0x2000059c        -       0x0000002c   Zero   RW         3224    .bss                mc_w.l(localtime_w.o)
    0x200005c8        -       0x00000200   Zero   RW         1093    STACK               startup_stm32f10x_md.o


==============================================================================

Image component sizes


      Code (inc. data)   RO Data    RW Data    ZI Data      Debug   Object Name

       636         70          0          6          0       4118   adcx.o
        56          6          0          0          0        568   beep.o
       180         16          0          4          0       2055   delay.o
       470         24          0          0          0     217633   dht11.o
       148          0          0          0          0       1592   flash.o
       724         78          0         29          0       2639   key.o
        92         18          0          0          0       1582   led.o
      6372        540         68         43         28      17831   main.o
       152         12          0          0          0       1766   misc.o
        40          6          0          0          0        545   modules.o
       456        100          0         12          0       3587   myrtc.o
      1594         72       9296          0       1152      11670   oled.o
        28          4        236          0        512        836   startup_stm32f10x_md.o
      1108         54          0          0          0       5006   stepmotor.o
       390         10          0          0          0       8141   stm32f10x_adc.o
        56         10          0          0          0       2423   stm32f10x_bkp.o
        84          0          0          0          0       2997   stm32f10x_dma.o
       286         36          0          0          0       4456   stm32f10x_flash.o
       314          0          0          0          0       4684   stm32f10x_gpio.o
        26          0          0          0          0     270770   stm32f10x_it.o
        12          6          0          0          0        586   stm32f10x_pwr.o
       496         76          0         20          0       9831   stm32f10x_rcc.o
       176         34          0          0          0       4047   stm32f10x_rtc.o
       246         42          0          0          0       3994   stm32f10x_tim.o
       628         28          0          0          0       8154   stm32f10x_usart.o
         0          0          0          0          0         32   sys.o
       328         28          0          0          0       2097   system_stm32f10x.o
       120          0          0          0          0       1274   tim2.o
       160         14          0          0          0       3080   usart.o
       370         50          0          3        128       4757   usart2.o
       322         24          0          0          0       2942   usart3.o

    ----------------------------------------------------------------------
     16096       1358       9632        120       1820     605693   Object Totals
         0          0         32          0          0          0   (incl. Generated)
        26          0          0          3          0          0   (incl. Padding)

    ----------------------------------------------------------------------

      Code (inc. data)   RO Data    RW Data    ZI Data      Debug   Library Member Name

        62         10          0          0          0        340   dunder.o
        40          0          0          0          0         68   fpclassify.o
       170          0          0          0          0         96   poly.o
      2520        190        136          0          0        324   pow.o
         0          0          8          0          0          0   qnan.o
        76          0          0          0          0         84   sqrt.o
         0          0          0          0          0          0   entry.o
         0          0          0          0          0          0   entry10a.o
         0          0          0          0          0          0   entry11a.o
         4          0          0          0          0          0   entry12b.o
         8          4          0          0          0          0   entry2.o
         4          0          0          0          0          0   entry5.o
         0          0          0          0          0          0   entry7b.o
         0          0          0          0          0          0   entry8b.o
         8          4          0          0          0          0   entry9a.o
        12          6          0          4          0         68   errno.o
        30          0          0          0          0          0   handlers.o
        36          8          0          0          0         68   init.o
         0          0          0          0          0          0   iusefp.o
        30          0          0          0          0         68   llshl.o
        36          0          0          0          0         68   llsshr.o
        32          0          0          0          0         68   llushr.o
       140          6         12          0          0         76   localtime_i.o
        12          6          0          0         44         68   localtime_w.o
        36          0          0          0          0         68   memcpya.o
       168         18         12          0          0         80   mktime.o
       522         20          0          0          0        336   printf3.o
         0          0          0          4          0          0   stdout.o
        44          0          0          0          0         80   uidiv.o
        48          0          0          0          0         68   cdrcmple.o
       334          0          0          0          0        148   dadd.o
       222          0          0          0          0        100   ddiv.o
       186          0          0          0          0        176   depilogue.o
        50          0          0          0          0         76   dfixui.o
        34          0          0          0          0         76   dflti.o
       228          0          0          0          0         96   dmul.o
        46          0          0          0          0         80   dscalb.o
       162          0          0          0          0        100   dsqrt.o
        38          0          0          0          0         68   f2d.o
       176          0          0          0          0        140   fadd.o
       124          0          0          0          0         88   fdiv.o
       110          0          0          0          0        168   fepilogue.o
        10          0          0          0          0         68   ffltui.o
       100          0          0          0          0         76   fmul.o

    ----------------------------------------------------------------------
      5868        272        172          8         44       3488   Library Totals
        10          0          4          0          0          0   (incl. Padding)

    ----------------------------------------------------------------------

      Code (inc. data)   RO Data    RW Data    ZI Data      Debug   Library Name

      2868        200        144          0          0        912   m_ws.l
      1122         72         24          8         44       1048   mc_w.l
      1868          0          0          0          0       1528   mf_w.l

    ----------------------------------------------------------------------
      5868        272        172          8         44       3488   Library Totals

    ----------------------------------------------------------------------

==============================================================================


      Code (inc. data)   RO Data    RW Data    ZI Data      Debug   

     21964       1630       9804        128       1864     599609   Grand Totals
     21964       1630       9804        128       1864     599609   ELF Image Totals
     21964       1630       9804        128          0          0   ROM Totals

==============================================================================

    Total RO  Size (Code + RO Data)                31768 (  31.02kB)
    Total RW  Size (RW Data + ZI Data)              1992 (   1.95kB)
    Total ROM Size (Code + RO Data + RW Data)      31896 (  31.15kB)

==============================================================================

