<html>
<body>
<pre>
<h1>µVision Build Log</h1>
<h2>Tool Versions:</h2>
IDE-Version: ¦ÌVision V5.35.0.0
Copyright (C) 2021 ARM Ltd and ARM Germany GmbH. All rights reserved.
License Information: . ., ., LIC=WHYH9-4SYRK-FWE2N-YTSB2-UEXBW-NVH2P
 
Tool Versions:
Toolchain:       MDK-ARM Plus  Version: 5.35.0.2
Toolchain Path:  D:\keil\ARM\ARMCC\Bin
C Compiler:      Armcc.exe V5.06 update 7 (build 960)
Assembler:       Armasm.exe V5.06 update 7 (build 960)
Linker/Locator:  ArmLink.exe V5.06 update 7 (build 960)
Library Manager: ArmAr.exe V5.06 update 7 (build 960)
Hex Converter:   FromElf.exe V5.06 update 7 (build 960)
CPU DLL:         SARMCM3.DLL V5.35.0.2
Dialog DLL:      DCM.DLL V1.17.3.0
Target DLL:      STLink\ST-LINKIII-KEIL_SWO.dll V3.0.9.0
Dialog DLL:      TCM.DLL V1.53.0.0
 
<h2>Project:</h2>
D:\Desktop\87-n\93\93.4 - ¿ªÔ´\USER\STM32_YFCDZ.uvprojx
Project File Date:  06/08/2026

<h2>Output:</h2>
*** Using Compiler 'V5.06 update 7 (build 960)', folder: 'D:\keil\ARM\ARMCC\Bin'
Rebuild target 'YFCDZ'
compiling stm32f10x_it.c...
compiling key.c...
compiling system_stm32f10x.c...
compiling beep.c...
compiling algorithm.c...
compiling main.c...
compiling ds18b20.c...
compiling led.c...
compiling iic.c...
compiling OLED.c...
compiling Modules.c...
compiling max30102.c...
compiling max30102_read.c...
compiling myiic.c...
compiling shake.c...
compiling delay.c...
compiling usart.c...
compiling adxl345.c...
compiling TIM2.c...
compiling adcx.c...
compiling timer.c...
assembling startup_stm32f10x_md.s...
compiling sys.c...
compiling core_cm3.c...
compiling misc.c...
compiling stm32f10x_usart.c...
compiling stm32f10x_gpio.c...
compiling stm32f10x_bkp.c...
compiling stm32f10x_pwr.c...
compiling stm32f10x_rcc.c...
compiling stm32f10x_adc.c...
compiling stm32f10x_flash.c...
compiling stm32f10x_rtc.c...
compiling stm32f10x_dma.c...
compiling stm32f10x_tim.c...
compiling stm32f10x_i2c.c...
linking...
Program Size: Code=20748 RO-data=10804 RW-data=256 ZI-data=7168  
FromELF: creating hex file...
"..\OBJ\STM32_YFCDZ.axf" - 0 Error(s), 0 Warning(s).

<h2>Software Packages used:</h2>

Package Vendor: Keil
                https://www.keil.com/pack/Keil.STM32F1xx_DFP.2.4.1.pack
                Keil.STM32F1xx_DFP.2.4.1
                STMicroelectronics STM32F1 Series Device Support, Drivers and Examples

<h2>Collection of Component include folders:</h2>
  D:\keil pcag\Keil\STM32F1xx_DFP\2.4.1\Device\Include

<h2>Collection of Component Files used:</h2>
Build Time Elapsed:  00:00:03
</pre>
</body>
</html>
